
[TestIRGeneration/should_run_expressions_and_produce_IR - 1]
IR:
Program: [
      STORE global.x i32(0)
      __t0: i32 = GET global.x
      __t1: i32 = i32.add __t0 i32(1)
      STORE global.x __t1
      STORE global.x2 __t0
      __t2: i32 = GET global.x
      __t3: i32 = i32.sub __t2 i32(1)
      STORE global.x __t3
      STORE global.x3 __t3
      STORE global.y u64(1)
      STORE global.s str_const(1)
      STORE global.c i32(97)
      STORE global.isSomething i32(1)
      __t4: i32 = i32.add i32(1) i32(5)
      __t5: i32 = i32.xor i32(3) i32(-1)
      __t6: i32 = i32.add __t4 __t5
      STORE global.i __t6
      __t7: f64 = f64.sub f64(0) f64(9.8)
      STORE global.g __t7
      STORE global.f f32(0.001)
      __t8: i32 = GET global.i
      __t9: i32 = i32.add i32(1) __t8
      STORE global.j __t9
      __t10: f64 = GET global.g
      __t11: f64 = f64.mul f64(10) __t10
      __t12: f64 = f64.div __t11 f64(2.1)
      STORE global.w __t12
      __t13: i32 = i32.xor i32(6) i32(5)
      __t14: i32 = i32.and __t13 i32(1)
      __t15: i32 = i32.or __t14 i32(0)
      __t16: i32 = i32.lshift __t15 i32(2)
      __t17: i32 = i32.rshift __t16 i32(1)
      STORE global.b __t17
      PARAM i32(2)
      PARAM i32(8)
      __t18: i32 = CALL __i32_pow 2
      STORE global.size __t18
      __t19: i32 = i32.xor i32(0) i32(1)
      __t20: i32 = i32.and __t19 i32(1)
      __t21: i32 = i32.or i32(1) __t20
      STORE global.b00l __t21
      __t22: f64 = GET global.g
      __t23: i32 = i32.trunc_f64_s __t22
      STORE global.intg __t23
      __t24: f64 = GET global.g
      __t25: i32 = GET global.i
      __t26: f64 = f64.convert_i32_s __t25
      __t27: i32 = f64.lt __t24 __t26
      STORE global.less __t27
      __t28: f64 = GET global.g
      __t29: i32 = GET global.i
      __t30: f64 = f64.convert_i32_s __t29
      __t31: f64 = f64.mul __t28 __t30
      __t32: i64 = GET global.j
      __t33: f64 = i64.trunc_f64_s __t32
      __t34: f64 = f64.sub __t31 __t33
      STORE global.g2 __t34
      __t35: i64 = GET global.j
      __t36: i32 = GET global.i
      __t37: i64 = i64.extend_i32_s __t36
      __t38: i64 = i64.and __t35 __t37
      STORE global.bits __t38
      __t39: i32 = GET global.c
      PARAM i32(65)
      PARAM __t39
      __t40: str_const = CALL __char_concat 2
      STORE global.concat1 __t40
      __t41: str_const = GET global.concat1
      PARAM __t41
      PARAM str_const(2)
      __t42: i32 = CALL __str_lt 2
      STORE global.lessStr __t42
      PARAM str_const(3)
      PARAM i32(0)
      __t43: i32 = CALL __str_index 2
      STORE global.h __t43
      PARAM str_const(4)
      __t44: i32 = CALL __str_length 1
      __t45: i32 = i32.sub __t44 i32(1)
      PARAM str_const(4)
      PARAM __t45
      __t46: i32 = CALL __str_index 2
      STORE global.end __t46
      PARAM __t47
      __t48: i32 = CALL __str_length 1
      __t49: i32 = i32.sub __t48 i32(1)
      PARAM __t47
      PARAM i32(0)
      PARAM __t49
      __t50: i32 = CALL __str_slice 3
      STORE global.copy __t50
      PARAM __t51
      PARAM i32(0)
      PARAM i32(6)
      __t52: i32 = CALL __str_slice 3
      STORE global.firstHalf __t52
      PARAM __t53
      __t54: i32 = CALL __str_length 1
      __t55: i32 = i32.sub __t54 i32(1)
      PARAM __t53
      PARAM i32(6)
      PARAM __t55
      __t56: i32 = CALL __str_slice_inclusive 3
      STORE global.secondHalf __t56
      PARAM str_const(5)
      PARAM i32(3)
      PARAM i32(4)
      __t57: i32 = CALL __str_slice_inclusive 3
      STORE global.slice __t57
      __t58: str_const = GET global.s
      PARAM __t58
      __t59: i32 = CALL __str_length 1
      STORE global.len __t59
      PARAM str_const(6)
      __t60: str_const = CALL getEnv 1
      STORE global.env __t60
      PARAM i32(97)
      PARAM str_const(7)
      __t61: i32 = CALL __str_contains_char 2
      STORE global.hasA __t61
  fn main()->i32 {
      return i32(0)
  }

]

Compiler messages:
[
]
---

[TestIRGeneration/should_run_functions_and_produce_IR - 1]
IR:
Program: [
  fn test() {
      STORE local.num i32(1)
      __t0: i32 = GET local.num
      PARAM __t0
      CALL println 1
  }

  fn test2() {
      STORE local.i i32(0)
      STORE local.i i32(1)
      __t1: i32 = GET local.i
      __t2: i32 = i32.add __t1 i32(1)
      STORE local.i __t2
      __t3: i32 = GET local.i
      __t4: i32 = i32.mul __t3 i32(5)
      STORE local.i __t4
      return
  }

  fn add(x: i32, y: i32)->i32 {
      __t5: i32 = GET param.x
      __t6: i32 = GET param.y
      __t7: i32 = i32.add __t5 __t6
      return __t7
  }

  fn add--int--int--int(x: i32, y: i32, z: i32)->i32 {
      __t8: i32 = GET param.x
      __t9: i32 = GET param.y
      __t10: i32 = i32.add __t8 __t9
      __t11: i32 = GET param.z
      __t12: i32 = i32.add __t10 __t11
      return __t12
  }

  fn main()->i32 {
      return i32(0)
  }

]

Compiler messages:
[
]
---

[TestIRGeneration/should_run_ifBlocks_and_produce_IR - 1]
IR:
Program: [
  fn fib(n: i32)->i32 {
      __t0: i32 = GET param.n
      __t1: i32 = i32.eq __t0 i32(0)
      __t2: i32 = GET param.n
      __t3: i32 = i32.eq __t2 i32(1)
      __t4: i32 = i32.or __t1 __t3
      if __t4 {
          __t5: i32 = GET param.n
          return __t5
      }
      __t6: i32 = GET param.n
      __t7: i32 = i32.sub __t6 i32(1)
      PARAM __t7
      __t8: i32 = CALL fib 1
      __t9: i32 = GET param.n
      __t10: i32 = i32.sub __t9 i32(2)
      PARAM __t10
      __t11: i32 = CALL fib 1
      __t12: i32 = i32.add __t8 __t11
      return __t12
  }

  fn flipSign(x: i32)->i32 {
      __t13: i32 = GET param.x
      __t14: i32 = i32.lt __t13 i32(0)
      if __t14 {
          __t15: i32 = i32.sub i32(0) i32(1)
          __t16: i32 = GET param.x
          __t17: i32 = i32.mul __t15 __t16
          return __t17
      } else {
          __t18: i32 = GET param.x
          __t19: i32 = i32.sub i32(0) __t18
          return __t19
      }
  }

  fn fib2(n: i32)->i32 {
      __t20: i32 = GET param.n
      __t21: i32 = i32.eq __t20 i32(0)
      if __t21 {
          __t22: i32 = GET param.n
          return __t22
      } else {
          __t23: i32 = GET param.n
          __t24: i32 = i32.eq __t23 i32(1)
          if __t24 {
              __t25: i32 = GET param.n
              return __t25
          }
      }
      __t26: i32 = GET param.n
      __t27: i32 = i32.sub __t26 i32(1)
      PARAM __t27
      __t28: i32 = CALL fib2 1
      __t29: i32 = GET param.n
      __t30: i32 = i32.sub __t29 i32(2)
      PARAM __t30
      __t31: i32 = CALL fib2 1
      __t32: i32 = i32.add __t28 __t31
      return __t32
  }

  fn getZero(x: i32)->i32 {
      __t33: i32 = GET param.x
      __t34: i32 = i32.eq __t33 i32(0)
      if __t34 {
          __t35: i32 = GET param.x
          return __t35
      } else {
          __t36: i32 = GET param.x
          __t37: i32 = i32.eq __t36 i32(1)
          if __t37 {
              __t38: i32 = GET param.x
              __t39: i32 = i32.sub __t38 i32(1)
              return __t39
          } else {
              __t40: i32 = GET param.x
              __t41: i32 = i32.mod __t40 i32(2)
              __t42: i32 = i32.eq __t41 i32(0)
              if __t42 {
                  PARAM str_const(1)
                  CALL println 1
                  __t43: i32 = GET param.x
                  __t44: i32 = i32.div __t43 i32(2)
                  return __t44
              } else {
                  __t45: i32 = GET param.x
                  __t46: i32 = i32.mul __t45 i32(0)
                  return __t46
              }
          }
      }
  }

  fn doSomething(x: i32)->i32 {
      __t47: i32 = GET param.x
      __t48: i32 = i32.mod __t47 i32(2)
      __t49: i32 = i32.eq __t48 i32(0)
      if __t49 {
          __t50: i32 = GET param.x
          __t51: i32 = i32.div __t50 i32(2)
          STORE local.half __t51
          __t52: i32 = GET local.half
          return __t52
      }
      __t53: i32 = GET param.x
      return __t53
  }

  fn main()->i32 {
      return i32(0)
  }

]

Compiler messages:
[
]
---

[TestIRGeneration/should_run_loops_and_produce_IR - 1]
IR:
Program: [
  fn whileLoop() {
      STORE local.j i32(0)
      loop_exit@0: {
        loop@0: {
          __t0: i32 = GET local.j
          __t1: i32 = i32.lt __t0 i32(10)
          JMPIFNOT loop_exit@0 __t1
          loop_body@0: {
            __t2: i32 = GET local.j
            __t3: i32 = i32.add __t2 i32(1)
            STORE local.j __t3
            JMP loop@0
          }
        }
      }
  }

  fn total()->i32 {
      STORE local.sum i32(0)
      loop_exit@1: {
        STORE local.i i32(0)
        loop@1: {
          __t4: i32 = GET i
          __t5: i32 = i32.lt __t4 i32(10)
          JMPIFNOT loop_exit@1 __t5
          loop_body@1: {
            __t6: i32 = GET local.sum
            __t7: i32 = GET i
            __t8: i32 = i32.add __t6 __t7
            STORE local.sum __t8
            __t9: i32 = GET i
            __t10: i32 = i32.add __t9 i32(1)
            STORE i __t10
            JMP loop@1
          }
        }
      }
      __t11: i32 = GET local.sum
      return __t11
  }

  fn total--int(n: i32)->i32 {
      STORE local.sum i32(0)
      STORE local.i i32(0)
      loop_exit@2: {
        __t12: i32 = GET param.n
        STORE local.i __t12
        loop@2: {
          __t13: i32 = GET local.i
          __t14: i32 = i32.lt __t13 i32(10)
          JMPIFNOT loop_exit@2 __t14
          loop_body@2: {
            __t15: i32 = GET local.sum
            __t16: i32 = GET local.i
            __t17: i32 = i32.add __t15 __t16
            STORE local.sum __t17
            __t18: i32 = GET local.i
            __t19: i32 = i32.add __t18 i32(1)
            STORE local.i __t19
            JMP loop@2
          }
        }
      }
      __t20: i32 = GET local.sum
      return __t20
  }

  fn total--int--int(n: i32, limit: i32)->i32 {
      STORE local.sum i32(0)
      loop_exit@3: {
        __t21: i32 = GET param.n
        STORE local.i __t21
        loop@3: {
          __t22: i32 = GET local.i
          __t23: i32 = GET param.limit
          __t24: i32 = i32.le __t22 __t23
          JMPIFNOT loop_exit@3 __t24
          loop_body@3: {
            __t26: i32 = GET local.sum
            __t27: i32 = GET local.i
            __t28: i32 = i32.add __t26 __t27
            STORE local.sum __t28
            __t25: i32 = i32.add __t22 i32(1)
            STORE local.i __t25
            JMP loop@3
          }
        }
      }
      __t29: i32 = GET local.sum
      return __t29
  }

  fn totalInSteps(n: i32, limit: i32, steps: i32)->i32 {
      STORE local.sum i32(0)
      loop_exit@4: {
        __t30: i32 = GET param.n
        STORE local.i __t30
        loop@4: {
          __t31: i32 = GET local.i
          __t32: i32 = GET param.limit
          __t33: i32 = i32.le __t31 __t32
          JMPIFNOT loop_exit@4 __t33
          loop_body@4: {
            __t36: i32 = GET local.sum
            __t37: i32 = GET local.i
            __t38: i32 = i32.add __t36 __t37
            STORE local.sum __t38
            __t34: i32 = GET param.steps
            __t35: i32 = i32.add __t31 __t34
            STORE local.i __t35
            JMP loop@4
          }
        }
      }
      __t39: i32 = GET local.sum
      return __t39
  }

  fn printStr(str: str_const) {
      loop_exit@5: {
        __t40: str_const = GET param.str
        PARAM __t40
        __t41: i32 = CALL __str_length 1
        STORE local.__foreach_iter i32(0)
        loop@5: {
          __t42: i32 = GET local.__foreach_iter
          PARAM __t40
          PARAM __t42
          __t43: i32 = CALL __str_index 2
          STORE local.ch __t43
          __t44: i32 = i32.lt __t42 __t41
          JMPIFNOT loop_exit@5
          loop_body@5: {
            __t46: i32 = GET local.ch
            PARAM __t46
            CALL print 1
            __t45: i32 = i32.add __t42 i32(1)
            STORE local.__foreach_iter __t45
            JMP loop@5
          }
        }
      }
      PARAM str_const(1)
      CALL println 1
  }

  fn forEachOne(str: str_const) {
      loop_exit@6: {
        __t47: str_const = GET param.str
        PARAM __t47
        __t48: i32 = CALL __str_length 1
        STORE local.i i32(0)
        loop@6: {
          __t49: i32 = GET local.i
          PARAM __t47
          PARAM __t49
          __t50: i32 = CALL __str_index 2
          STORE local.ch __t50
          __t51: i32 = i32.lt __t49 __t48
          JMPIFNOT loop_exit@6
          loop_body@6: {
            __t53: i32 = GET local.ch
            PARAM __t53
            CALL print 1
            __t52: i32 = i32.add __t49 i32(1)
            STORE local.i __t52
            JMP loop@6
          }
        }
      }
      PARAM str_const(2)
      CALL println 1
  }

  fn forEachTwo(str: str_const) {
      loop_exit@7: {
        __t54: str_const = GET param.str
        PARAM __t54
        __t55: i32 = CALL __str_length 1
        STORE local.i i32(0)
        loop@7: {
          __t56: i32 = GET local.i
          PARAM __t54
          PARAM __t56
          __t57: i32 = CALL __str_index 2
          STORE local.ch __t57
          __t58: i32 = i32.lt __t56 __t55
          JMPIFNOT loop_exit@7
          loop_body@7: {
            __t60: i32 = GET local.ch
            PARAM __t60
            CALL print 1
            __t59: i32 = i32.add __t56 i32(1)
            STORE local.i __t59
            JMP loop@7
          }
        }
      }
      PARAM str_const(3)
      CALL println 1
  }

  fn main()->i32 {
      return i32(0)
  }

]

Compiler messages:
[
]
---

[TestIRGeneration/should_run_structs_and_produce_IR - 1]
IR:
Program: [
  fn __Person1_cast__default_toString(__this: ptr)->str_const {
      __t0: ptr = GET param.__this
      __t1: str_const = LOAD __t0 0
      __t2: u32 = LOAD __t0 4
      PARAM __t2
      __t3: str_const = CALL __str_fromInt32 1
      __t4: str_const = LOAD __t0 8
      __t5: i32 = LOAD __t0 12
      PARAM __t5
      __t6: str_const = CALL __str_fromInt32 1
      PARAM i32(123)
      PARAM __t1
      __t7: str_const = CALL __char_concat_str 2
      PARAM i32(44)
      PARAM __t3
      __t8: str_const = CALL __char_concat_str 2
      PARAM __t7
      PARAM __t8
      __t9: str_const = CALL __str_concat 2
      PARAM i32(44)
      PARAM __t4
      __t10: str_const = CALL __char_concat_str 2
      PARAM __t9
      PARAM __t10
      __t11: str_const = CALL __str_concat 2
      PARAM i32(44)
      PARAM __t6
      __t12: str_const = CALL __char_concat_str 2
      PARAM __t11
      PARAM __t12
      __t13: str_const = CALL __str_concat 2
      PARAM __t13
      PARAM i32(125)
      __t14: str_const = CALL __str_concat_char 2
      return __t14
  }

  fn __Person1_compare__default__equals(__this: ptr, __other: ptr)->i32 {
      __t15: ptr = GET param.__this
      __t16: ptr = GET param.__other
      __t17: str_const = LOAD __t15 0
      __t18: str_const = LOAD __t16 0
      PARAM __t17
      PARAM __t18
      __t19: i32 = CALL __str_eq 2
      __t20: u32 = LOAD __t15 4
      __t21: u32 = LOAD __t16 4
      __t22: i32 = u32.eq __t20 __t21
      __t23: str_const = LOAD __t15 8
      __t24: str_const = LOAD __t16 8
      PARAM __t23
      PARAM __t24
      __t25: i32 = CALL __str_eq 2
      __t26: i32 = LOAD __t15 12
      __t27: i32 = LOAD __t16 12
      __t28: i32 = i32.eq __t26 __t27
      __t29: i32 = i32.and __t19 __t22
      __t30: i32 = i32.and __t29 __t25
      __t31: i32 = i32.and __t30 __t28
      return __t31
  }

  fn __Person1_increaseAge(__this: ptr) {
      __t32: ptr = GET param.__this
      __t33: u32 = LOAD __t32 4
      __t34: u32 = u32.add __t33 u32(1)
      SET <nil> __t34
  }

  fn __Person1_setAge(age: u32, __this: ptr) {  }

  fn __Person1_greet(__this: ptr) {
      STORE local.alt str_const(2)
      __t35: ptr = GET param.__this
      __t36: str_const = LOAD __t35 8
      PARAM __t36
      PARAM str_const(3)
      __t37: i32 = CALL __str_ne 2
      if __t37 {
          __t38: ptr = GET param.__this
          __t39: str_const = LOAD __t38 8
          PARAM str_const(4)
          PARAM __t39
          __t40: str_const = CALL __str_concat 2
          STORE local.alt __t40
      }
      __t41: ptr = GET param.__this
      __t42: str_const = LOAD __t41 0
      PARAM str_const(5)
      PARAM __t42
      __t43: str_const = CALL __str_concat 2
      __t44: str_const = GET local.alt
      PARAM __t43
      PARAM __t44
      __t45: str_const = CALL __str_concat 2
      PARAM __t45
      PARAM str_const(6)
      __t46: str_const = CALL __str_concat 2
      __t47: ptr = GET param.__this
      __t48: u32 = LOAD __t47 4
      PARAM __t48
      __t49: str_const = CALL __str_fromInt32 1
      PARAM __t46
      PARAM __t49
      __t50: str_const = CALL __str_concat 2
      PARAM __t50
      PARAM str_const(7)
      __t51: str_const = CALL __str_concat 2
      PARAM __t51
      CALL println 1
  }

  fn __Person1_cast_toInt(__this: ptr)->i32 {
      return i32(0)
  }

  fn __Person1_P_do(__this: ptr) {
      PARAM str_const(8)
      CALL println 1
  }

  fn __T_P_donot() {
      PARAM str_const(1)
      CALL println 1
  }

  fn __Inner_getId(__this: ptr)->i32 {
      __t52: ptr = GET param.__this
      __t53: i32 = LOAD __t52 0
      PARAM __t53
      CALL println 1
      __t54: ptr = GET param.__this
      __t55: i32 = LOAD __t54 0
      return __t55
  }

  fn __Inner_showX(__this: ptr) {
      __t56: i32 = GET global.x
      PARAM __t56
      CALL println 1
      __t57: i32 = GET global.x
      PARAM __t57
      CALL println 1
  }

  fn __Inner_cast_toString(__this: ptr)->str_const {
      __t58: ptr = GET param.__this
      __t59: i32 = LOAD __t58 0
      PARAM __t59
      __t60: str_const = CALL __str_fromInt32 1
      return __t60
  }

  fn __Inner_compare_equals(other: ptr, __this: ptr)->i32 {
      __t61: ptr = GET param.__this
      __t62: i32 = LOAD __t61 0
      __t63: ptr = GET param.other
      __t64: i32 = LOAD __t63 0
      __t65: i32 = i32.eq __t62 __t64
      return __t65
  }

  fn __Inner_compare_lessThan(other: ptr, __this: ptr)->i32 {
      __t66: ptr = GET param.__this
      __t67: i32 = LOAD __t66 0
      __t68: ptr = GET param.other
      __t69: i32 = LOAD __t68 0
      __t70: i32 = i32.lt __t67 __t69
      return __t70
  }

  fn __Inner_compare_greaterThan(other: ptr, __this: ptr)->i32 {
      __t71: ptr = GET param.__this
      __t72: i32 = LOAD __t71 0
      __t73: ptr = GET param.other
      __t74: i32 = LOAD __t73 0
      __t75: i32 = i32.gt __t72 __t74
      return __t75
  }

  fn __Nested_cast__default_toString(__this: ptr)->str_const {
      __t76: ptr = GET param.__this
      __t77: f64 = LOAD __t76 0
      PARAM __t77
      __t78: str_const = CALL __str_fromFloat64 1
      __t79: ptr = LOAD __t76 8
      PARAM __t79
      __t80: str_const = CALL __Inner_cast_toString 1
      __t81: str_const = LOAD __t76 12
      PARAM i32(123)
      PARAM __t78
      __t82: str_const = CALL __char_concat_str 2
      PARAM i32(44)
      PARAM __t80
      __t83: str_const = CALL __char_concat_str 2
      PARAM __t82
      PARAM __t83
      __t84: str_const = CALL __str_concat 2
      PARAM i32(44)
      PARAM __t81
      __t85: str_const = CALL __char_concat_str 2
      PARAM __t84
      PARAM __t85
      __t86: str_const = CALL __str_concat 2
      PARAM __t86
      PARAM i32(125)
      __t87: str_const = CALL __str_concat_char 2
      return __t87
  }

  fn __Nested_compare__default__equals(__this: ptr, __other: ptr)->i32 {
      __t88: ptr = GET param.__this
      __t89: ptr = GET param.__other
      __t90: f64 = LOAD __t88 0
      __t91: f64 = LOAD __t89 0
      __t92: i32 = f64.eq __t90 __t91
      __t93: ptr = LOAD __t88 8
      __t94: ptr = LOAD __t89 8
      PARAM __t93
      PARAM __t94
      __t96: i32 = CALL __Inner_compare_equals 2
      __t97: str_const = LOAD __t88 12
      __t98: str_const = LOAD __t89 12
      PARAM __t97
      PARAM __t98
      __t99: i32 = CALL __str_eq 2
      __t100: i32 = i32.and __t92 __t96
      __t101: i32 = i32.and __t100 __t99
      return __t101
  }

  fn __T_cast__default_toString(__this: ptr)->str_const {
      __t102: ptr = GET param.__this
      PARAM i32(123)
      PARAM i32(125)
      __t103: str_const = CALL __char_concat 2
      return __t103
  }

  fn __T_compare__default__equals(__this: ptr, __other: ptr)->i32 {
      __t104: ptr = GET param.__this
      __t105: ptr = GET param.__other
      return i32(1)
  }

  fn __T_P_do(__this: ptr) {
      PARAM str_const(10)
      CALL println 1
  }

  fn __T_I_do() {
      PARAM str_const(9)
      CALL println 1
  }

  fn __T_I_times(a: i32, b: i32)->i32 {
      __t106: i32 = GET param.a
      __t107: i32 = GET param.b
      __t108: i32 = i32.mul __t106 __t107
      return __t108
  }

  fn __T_P_donot() {
      PARAM str_const(1)
      CALL println 1
  }

      STORE global.x i32(1)
  fn testInnerCompare(i: ptr, i2: ptr)->ptr {
      __t109: ptr = GET param.i
      __t110: ptr = GET param.i2
      PARAM __t109
      PARAM __t110
      __t111: i32 = CALL __Inner_compare_equals 2
      if __t111 {
          __t112: ptr = GET param.i
          return __t112
      }
      __t113: ptr = GET param.i
      __t114: ptr = GET param.i2
      PARAM __t113
      PARAM __t114
      __t115: i32 = CALL __Inner_compare_lessThan 2
      PARAM __t113
      PARAM __t114
      __t116: i32 = CALL __Inner_compare_equals 2
      __t117: i32 = i32.or __t115 __t116
      if __t117 {
          __t118: ptr = GET param.i
          return __t118
      }
      __t119: ptr = GET param.i
      __t120: ptr = GET param.i2
      PARAM __t119
      PARAM __t120
      __t121: i32 = CALL __Inner_compare_greaterThan 2
      PARAM __t119
      PARAM __t120
      __t122: i32 = CALL __Inner_compare_equals 2
      __t123: i32 = i32.or __t121 __t122
      if __t123 {
          __t124: ptr = GET param.i2
          return __t124
      }
      __t125: ptr = GET param.i2
      return __t125
  }

  fn main()->i32 {
      __t126: ptr = Malloc 16
      SET __t126+0 str_const(11)
      SET __t126+4 u32(112)
      SET __t126+8 str_const(0)
      SET __t126+12 i32(1)
      STORE local.p __t126
      __t127: ptr = GET local.p
      __t128: u32 = LOAD __t127 4
      STORE local.age __t128
      __t129: ptr = Malloc 16
      SET __t129+0 str_const(12)
      SET __t129+4 u32(0)
      SET __t129+8 str_const(0)
      SET __t129+12 i32(1)
      STORE local.p2 __t129
      __t130: ptr = GET local.p
      __t131: ptr = GET local.p2
      PARAM __t130
      PARAM __t131
      __t132: i32 = CALL __Person1_compare__default__equals 2
      __t133: ptr = Malloc 16
      SET __t133+0 f64(0)
      __t134: ptr = Malloc 4
      SET __t134+0 i32(1)
      SET __t133+8 __t134
      SET __t133+12 str_const(13)
      STORE local.n1 __t133
      __t135: ptr = GET local.n1
      __t136: ptr = Malloc 4
      SET __t136+0 i32(5)
      SET __t135+8 __t136
      __t137: ptr = GET local.n1
      __t138: ptr = LOAD __t137 8
      SET __t138+0 i32(1)
      __t139: ptr = Malloc 16
      __t140: ptr = Malloc 4
      SET __t140+0 i32(2)
      SET __t139+8 __t140
      SET __t139+12 str_const(14)
      SET __t139+0 f64(0)
      STORE local.n2 __t139
      __t141: ptr = GET local.n1
      __t142: ptr = GET local.n2
      PARAM __t141
      PARAM __t142
      __t143: i32 = CALL __Nested_compare__default__equals 2
      __t144: ptr = GET local.n1
      __t145: ptr = LOAD __t144 8
      PARAM __t145
      CALL println 1
      __t146: ptr = GET local.n1
      __t147: str_const = LOAD __t146 12
      PARAM __t147
      __t148: i32 = CALL __str_length 1
      PARAM __t148
      CALL println 1
      __t149: ptr = GET local.n1
      __t150: ptr = LOAD __t149 8
      __t151: i32 = LOAD __t150 0
      PARAM __t151
      CALL println 1
      __t152: ptr = GET local.p2
      SET __t152+4 u32(25)
      __t153: ptr = GET local.p2
      __t154: u32 = LOAD __t153 4
      __t155: u32 = u32.add __t153+4 u32(2)
      SET __t153+4 __t155
      __t156: ptr = GET local.p2
      __t157: u32 = LOAD __t156 4
      __t158: u32 = u32.sub __t157 u32(1)
      SET __t156+4 __t158
      STORE local.newage __t157
      __t159: ptr = GET local.p2
      __t160: u32 = LOAD __t159 4
      __t161: ptr = GET local.p2
      __t162: u32 = LOAD __t161 4
      __t163: u32 = u32.sub __t162 u32(1)
      SET __t161+4 __t163
      STORE local.newage __t163
      __t164: ptr = GET local.p2
      PARAM __t164
      __t165: i32 = CALL __Person1_cast_toInt 1
      STORE local.fromP2 __t165
      __t166: ptr = GET local.p2
      PARAM __t166
      __t167: str_const = CALL __Person1_cast__default_toString 1
      STORE local.str2 __t167
      __t168: ptr = GET local.p2
      PARAM __t168
      CALL __Person1_greet 1
      __t169: ptr = GET local.p2
      PARAM __t169
      CALL __Person1_P_do 1
      __t170: ptr = GET local.p2
      PARAM __t170
      CALL println 1
      __t171: ptr = Malloc 0
      STORE local.t __t171
      __t172: ptr = GET local.t
      PARAM __t172
      CALL __T_I_do 1
      __t173: ptr = GET local.t
      PARAM __t173
      CALL __T_P_do 1
      __t174: ptr = Malloc 4
      SET __t174+0 i32(0)
      STORE local.empty __t174
      return i32(0)
  }

]

Compiler messages:
[
]
---
