
[TestPassTwo/should_run_valid.the_and_have_no_errors - 1]
AST:
Node: { Label: "program"
children: [
    Node: { Label: "interface"
    children: [
        Node: { Token: {Value: Empty, Type: identifier, Line: 0, Column: 10} },
        Node: { Label: "interface-body" }
    ] },
    Node: { Label: "interface"
    children: [
        Node: { Token: {Value: A, Type: identifier, Line: 2, Column: 10} },
        Node: { Label: "interface-body"
        children: [
            Node: { Label: "fn"
            children: [
                Node: { Token: {Value: a, Type: identifier, Line: 3, Column: 7} }
            ] },
            Node: { Label: "fn"
            children: [
                Node: { Token: {Value: b, Type: identifier, Line: 4, Column: 7} },
                Node: { Token: {Value: int, Type: type keyword, Line: 4, Column: 14} }
            ] },
            Node: { Label: "fn"
            children: [
                Node: { Token: {Value: c, Type: identifier, Line: 5, Column: 7} },
                Node: { Label: "params"
                children: [
                    Node: { Label: "param"
                    children: [
                        Node: { Token: {Value: int, Type: type keyword, Line: 5, Column: 9} },
                        Node: { Token: {Value: i, Type: identifier, Line: 5, Column: 13} }
                    ] }
                ] }
            ] },
            Node: { Label: "fn"
            children: [
                Node: { Token: {Value: d, Type: identifier, Line: 6, Column: 7} },
                Node: { Label: "params"
                children: [
                    Node: { Label: "param"
                    children: [
                        Node: { Token: {Value: uint64, Type: type keyword, Line: 6, Column: 9} },
                        Node: { Token: {Value: u, Type: identifier, Line: 6, Column: 16} }
                    ] }
                ] },
                Node: { Token: {Value: bool, Type: type keyword, Line: 6, Column: 22} }
            ] }
        ] }
    ] },
    Node: { Label: "interface"
    children: [
        Node: { Token: {Value: B, Type: identifier, Line: 9, Column: 10} },
        Node: { Label: "interface-body"
        children: [
            Node: { Label: "fn"
            children: [
                Node: { Token: {Value: a, Type: identifier, Line: 10, Column: 7} }
            ] },
            Node: { Label: "fn"
            children: [
                Node: { Token: {Value: b, Type: identifier, Line: 11, Column: 7} },
                Node: { Label: "fn-body"
                children: [
                    Node: { Label: "call"
                    children: [
                        Node: { Token: {Value: println, Type: identifier, Line: 12, Column: 8} },
                        Node: { Label: "params"
                        children: [
                            Node: { Token: %!v(PANIC=String method: runtime error: index out of range [0] with length 0) }
                        ] }
                    ] }
                ] }
            ] },
            Node: { Label: "fn"
            children: [
                Node: { Token: {Value: c, Type: identifier, Line: 14, Column: 7} },
                Node: { Label: "params"
                children: [
                    Node: { Label: "param"
                    children: [
                        Node: { Token: {Value: uint32, Type: type keyword, Line: 14, Column: 9} },
                        Node: { Token: {Value: a, Type: identifier, Line: 14, Column: 16} }
                    ] },
                    Node: { Label: "param"
                    children: [
                        Node: { Token: {Value: uint64, Type: type keyword, Line: 14, Column: 19} },
                        Node: { Token: {Value: b, Type: identifier, Line: 14, Column: 26} }
                    ] }
                ] }
            ] },
            Node: { Label: "fn"
            children: [
                Node: { Token: {Value: d, Type: identifier, Line: 15, Column: 7} },
                Node: { Label: "params"
                children: [
                    Node: { Label: "param"
                    children: [
                        Node: { Token: {Value: bool, Type: type keyword, Line: 15, Column: 9} },
                        Node: { Token: {Value: isOpen, Type: identifier, Line: 15, Column: 14} }
                    ] },
                    Node: { Label: "param"
                    children: [
                        Node: { Token: {Value: int, Type: type keyword, Line: 15, Column: 22} },
                        Node: { Token: {Value: x, Type: identifier, Line: 15, Column: 26} }
                    ] }
                ] },
                Node: { Label: "fn-body"
                children: [
                    Node: { Label: "control-flow"
                    children: [
                        Node: { Token: {Value: return, Type: flow keyword, Line: 16, Column: 8} }
                    ] }
                ] }
            ] },
            Node: { Label: "fn"
            children: [
                Node: { Token: {Value: e, Type: identifier, Line: 18, Column: 7} },
                Node: { Label: "params"
                children: [
                    Node: { Label: "param"
                    children: [
                        Node: { Token: {Value: A, Type: identifier, Line: 18, Column: 9} },
                        Node: { Token: {Value: something, Type: identifier, Line: 18, Column: 11} }
                    ] },
                    Node: { Label: "param"
                    children: [
                        Node: { Token: {Value: A, Type: identifier, Line: 18, Column: 22} },
                        Node: { Token: {Value: otherthing, Type: identifier, Line: 18, Column: 24} }
                    ] }
                ] },
                Node: { Token: {Value: bool, Type: type keyword, Line: 18, Column: 39} },
                Node: { Label: "fn-body"
                children: [
                    Node: { Label: "control-flow"
                    children: [
                        Node: { Token: {Value: return, Type: flow keyword, Line: 19, Column: 8} },
                        Node: { Token: {Value: ==, Type: compare operator, Line: 19, Column: 25}, Type: bool
                        children: [
                            Node: { Token: {Value: something, Type: identifier, Line: 19, Column: 15}, Type: A },
                            Node: { Token: {Value: otherthing, Type: identifier, Line: 19, Column: 28}, Type: A }
                        ] }
                    ] }
                ] }
            ] }
        ] }
    ] }
] }
ScopeTree:
Scope: { id: @built-in, functions: map[print:{name: print, returns: None, overloads: [{parameters: (any), implemented: false}]} printerr:{name: printerr, returns: None, overloads: [{parameters: (any), implemented: false}]} println:{name: println, returns: None, overloads: [{parameters: (any), implemented: false}]}], variables: map[DOUBLE_MAX:{name: DOUBLE_MAX, Type: double, Initialized: false} DOUBLE_MIN:{name: DOUBLE_MIN, Type: double, Initialized: false} FLOAT_MAX:{name: FLOAT_MAX, Type: float, Initialized: false} FLOAT_MIN:{name: FLOAT_MIN, Type: float, Initialized: false} INT64_MAX:{name: INT64_MAX, Type: int64, Initialized: false} INT64_MIN:{name: INT64_MIN, Type: int64, Initialized: false} INT_MAX:{name: INT_MAX, Type: int, Initialized: false} INT_MIN:{name: INT_MIN, Type: int, Initialized: false} UINT32_MAX:{name: UINT32_MAX, Type: uint32, Initialized: false} UINT64_MAX:{name: UINT64_MAX, Type: uint64, Initialized: false}], children: [
    Scope: { id: @global, parent: @built-in },
    Scope: { id: @global, parent: @built-in, interfaces: map[A:{name: A} B:{name: B}], structs: map[One:{name: One, size: 0} Two:{name: Two, size: 0, implements: [A, B]}], children: [
        Scope: { id: A, type: 1, parent: @global },
        Scope: { id: B, type: 1, parent: @global },
        Scope: { id: One, type: 2, parent: @global, variables: map[this:{name: this, Type: Ref, isPrivate: true, Initialized: true}] },
        Scope: { id: Two, type: 2, parent: @global, variables: map[this:{name: this, Type: Ref, isPrivate: true, Initialized: true}] }
    ] },
    Scope: { id: @global, parent: @built-in },
    Scope: { id: @global, parent: @built-in, interfaces: map[A:{name: A}], structs: map[B:{name: B, size: 0}], children: [
        Scope: { id: A, type: 1, parent: @global },
        Scope: { id: B, type: 2, parent: @global, variables: map[this:{name: this, Type: Ref, isPrivate: true, Initialized: true}] }
    ] },
    Scope: { id: @global, parent: @built-in },
    Scope: { id: @global, parent: @built-in, interfaces: map[A:{name: A} B:{name: B} Empty:{name: Empty}], children: [
        Scope: { id: Empty, type: 1, parent: @global },
        Scope: { id: A, type: 1, parent: @global, functions: map[a:{name: a, returns: None, overloads: [{parameters: (), implemented: false}]} b:{name: b, returns: int, overloads: [{parameters: (), implemented: false}]} c:{name: c, returns: None, overloads: [{parameters: (int), implemented: false}]} d:{name: d, returns: bool, overloads: [{parameters: (uint64), implemented: false}]}] },
        Scope: { id: B, type: 1, parent: @global, functions: map[a:{name: a, returns: None, overloads: [{parameters: (), implemented: false}]} b:{name: b, returns: None, overloads: [{parameters: (), implemented: true}]} c:{name: c, returns: None, overloads: [{parameters: (uint32,uint64), implemented: false}]} d:{name: d, returns: None, overloads: [{parameters: (bool,int), implemented: true}]} e:{name: e, returns: bool, overloads: [{parameters: (A,A), implemented: true}]}], children: [
            Scope: { id: b@B, type: 4, parent: B },
            Scope: { id: d@B, type: 4, parent: B, variables: map[isOpen:{name: isOpen, Type: bool, Initialized: false} x:{name: x, Type: int, Initialized: false}] },
            Scope: { id: e@B, type: 4, parent: B, variables: map[otherthing:{name: otherthing, Type: A, Initialized: false} something:{name: something, Type: A, Initialized: false}] }
        ] }
    ] }
] }
Compiler messages:
[
    "Error: Missing entrypoint function 'fn main()->int' "
]

---

[TestPassTwo/should_errors.the_and_have_errors - 1]
AST:
Node: { Label: "program"
children: [
    Node: { Label: "interface"
    children: [
        Node: { Token: {Value: I, Type: identifier, Line: 0, Column: 10} },
        Node: { Label: "interface-body"
        children: [
            Node: { Label: "fn"
            children: [
                Node: { Token: {Value: a, Type: identifier, Line: 1, Column: 7} }
            ] },
            Node: { Label: "fn"
            children: [
                Node: { Token: {Value: a, Type: identifier, Line: 2, Column: 7} },
                Node: { Label: "params"
                children: [
                    Node: { Label: "param"
                    children: [
                        Node: { Token: {Value: int, Type: type keyword, Line: 2, Column: 9} },
                        Node: { Token: {Value: i, Type: identifier, Line: 2, Column: 13} }
                    ] }
                ] }
            ] },
            Node: { Label: "fn"
            children: [
                Node: { Token: {Value: a, Type: identifier, Line: 3, Column: 7} },
                Node: { Token: {Value: bool, Type: type keyword, Line: 3, Column: 12} }
            ] }
        ] }
    ] }
] }
ScopeTree:
Scope: { id: @built-in, functions: map[print:{name: print, returns: None, overloads: [{parameters: (any), implemented: false}]} printerr:{name: printerr, returns: None, overloads: [{parameters: (any), implemented: false}]} println:{name: println, returns: None, overloads: [{parameters: (any), implemented: false}]}], variables: map[DOUBLE_MAX:{name: DOUBLE_MAX, Type: double, Initialized: false} DOUBLE_MIN:{name: DOUBLE_MIN, Type: double, Initialized: false} FLOAT_MAX:{name: FLOAT_MAX, Type: float, Initialized: false} FLOAT_MIN:{name: FLOAT_MIN, Type: float, Initialized: false} INT64_MAX:{name: INT64_MAX, Type: int64, Initialized: false} INT64_MIN:{name: INT64_MIN, Type: int64, Initialized: false} INT_MAX:{name: INT_MAX, Type: int, Initialized: false} INT_MIN:{name: INT_MIN, Type: int, Initialized: false} UINT32_MAX:{name: UINT32_MAX, Type: uint32, Initialized: false} UINT64_MAX:{name: UINT64_MAX, Type: uint64, Initialized: false}], children: [
    Scope: { id: @global, parent: @built-in },
    Scope: { id: @global, parent: @built-in, interfaces: map[A:{name: A} B:{name: B}], structs: map[One:{name: One, size: 0} Two:{name: Two, size: 0, implements: [A, B]}], children: [
        Scope: { id: A, type: 1, parent: @global },
        Scope: { id: B, type: 1, parent: @global },
        Scope: { id: One, type: 2, parent: @global, variables: map[this:{name: this, Type: Ref, isPrivate: true, Initialized: true}] },
        Scope: { id: Two, type: 2, parent: @global, variables: map[this:{name: this, Type: Ref, isPrivate: true, Initialized: true}] }
    ] },
    Scope: { id: @global, parent: @built-in },
    Scope: { id: @global, parent: @built-in, interfaces: map[A:{name: A}], structs: map[B:{name: B, size: 0}], children: [
        Scope: { id: A, type: 1, parent: @global },
        Scope: { id: B, type: 2, parent: @global, variables: map[this:{name: this, Type: Ref, isPrivate: true, Initialized: true}] }
    ] },
    Scope: { id: @global, parent: @built-in },
    Scope: { id: @global, parent: @built-in, interfaces: map[A:{name: A} B:{name: B} Empty:{name: Empty}], children: [
        Scope: { id: Empty, type: 1, parent: @global },
        Scope: { id: A, type: 1, parent: @global, functions: map[a:{name: a, returns: None, overloads: [{parameters: (), implemented: false}]} b:{name: b, returns: int, overloads: [{parameters: (), implemented: false}]} c:{name: c, returns: None, overloads: [{parameters: (int), implemented: false}]} d:{name: d, returns: bool, overloads: [{parameters: (uint64), implemented: false}]}] },
        Scope: { id: B, type: 1, parent: @global, functions: map[a:{name: a, returns: None, overloads: [{parameters: (), implemented: false}]} b:{name: b, returns: None, overloads: [{parameters: (), implemented: true}]} c:{name: c, returns: None, overloads: [{parameters: (uint32,uint64), implemented: false}]} d:{name: d, returns: None, overloads: [{parameters: (bool,int), implemented: true}]} e:{name: e, returns: bool, overloads: [{parameters: (A,A), implemented: true}]}], children: [
            Scope: { id: b@B, type: 4, parent: B },
            Scope: { id: d@B, type: 4, parent: B, variables: map[isOpen:{name: isOpen, Type: bool, Initialized: false} x:{name: x, Type: int, Initialized: false}] },
            Scope: { id: e@B, type: 4, parent: B, variables: map[otherthing:{name: otherthing, Type: A, Initialized: false} something:{name: something, Type: A, Initialized: false}] }
        ] }
    ] },
    Scope: { id: @global, parent: @built-in },
    Scope: { id: @global, parent: @built-in, interfaces: map[I:{name: I}], children: [
        Scope: { id: I, type: 1, parent: @global, functions: map[a:{name: a, returns: None, overloads: [{parameters: (), implemented: false}{parameters: (int), implemented: false}]}] }
    ] }
] }
Compiler messages:
[
    "Error: Missing entrypoint function 'fn main()->int' ",
    "IllegalStatementError: Function name 'a' already defined without a return type; cannot overload with return type bool at line: 4, column: 5"
]

---
