
[TestPassFour/should_run_valid.the_and_have_no_errors - 1]
AST:
Node: { Label: "program"
children: [
    Node: { Label: "fn"
    children: [
        Node: { Token: {Value: test, Type: identifier, Line: 0, Column: 3} },
        Node: { Label: "fn-body"
        children: [
            Node: { Label: "call"
            children: [
                Node: { Token: {Value: println, Type: identifier, Line: 1, Column: 4} },
                Node: { Label: "params"
                children: [
                    Node: { Token: %!v(PANIC=String method: runtime error: index out of range [6] with length 0) }
                ] }
            ] }
        ] }
    ] },
    Node: { Label: "fn"
    children: [
        Node: { Token: {Value: test, Type: identifier, Line: 4, Column: 3} },
        Node: { Label: "params"
        children: [
            Node: { Label: "param"
            children: [
                Node: { Token: {Value: int, Type: type keyword, Line: 4, Column: 8} },
                Node: { Token: {Value: i, Type: identifier, Line: 4, Column: 12} }
            ] }
        ] },
        Node: { Label: "fn-body"
        children: [
            Node: { Label: "call"
            children: [
                Node: { Token: {Value: println, Type: identifier, Line: 5, Column: 4} },
                Node: { Label: "params"
                children: [
                    Node: { Token: {Value: +, Type: add operator, Line: 5, Column: 19}
                    children: [
                        Node: { Token: %!v(PANIC=String method: runtime error: index out of range [7] with length 0) },
                        Node: { Label: "typecast"
                        children: [
                            Node: { Token: {Value: i, Type: identifier, Line: 5, Column: 22} },
                            Node: { Token: {Value: string, Type: identifier, Line: 5, Column: 27} }
                        ] }
                    ] }
                ] }
            ] }
        ] }
    ] },
    Node: { Label: "interface"
    children: [
        Node: { Token: {Value: A, Type: identifier, Line: 8, Column: 10} },
        Node: { Label: "interface-body"
        children: [
            Node: { Label: "fn"
            children: [
                Node: { Token: {Value: test, Type: identifier, Line: 9, Column: 7} }
            ] }
        ] }
    ] }
] }
, Compiler messages:
[]

---

[TestPassFour/should_errors.the_and_have_a_mix_of_errors_and_warnings - 1]
AST:
Node: { Label: "program"
children: [
    Node: { Label: "fn"
    children: [
        Node: { Token: {Value: test, Type: identifier, Line: 0, Column: 3} },
        Node: { Label: "fn-body"
        children: [
            Node: { Label: "call"
            children: [
                Node: { Token: {Value: println, Type: identifier, Line: 1, Column: 4} },
                Node: { Label: "params"
                children: [
                    Node: { Token: %!v(PANIC=String method: runtime error: index out of range [3] with length 0) }
                ] }
            ] }
        ] }
    ] },
    Node: { Label: "fn"
    children: [
        Node: { Token: {Value: test, Type: identifier, Line: 4, Column: 3} },
        Node: { Label: "params"
        children: [
            Node: { Label: "param"
            children: [
                Node: { Token: {Value: int, Type: type keyword, Line: 4, Column: 8} },
                Node: { Token: {Value: i, Type: identifier, Line: 4, Column: 12} }
            ] }
        ] },
        Node: { Label: "fn-body"
        children: [
            Node: { Label: "call"
            children: [
                Node: { Token: {Value: println, Type: identifier, Line: 5, Column: 4} },
                Node: { Label: "params"
                children: [
                    Node: { Token: {Value: +, Type: add operator, Line: 5, Column: 19}
                    children: [
                        Node: { Token: %!v(PANIC=String method: runtime error: index out of range [4] with length 0) },
                        Node: { Label: "typecast"
                        children: [
                            Node: { Token: {Value: i, Type: identifier, Line: 5, Column: 22} },
                            Node: { Token: {Value: string, Type: identifier, Line: 5, Column: 27} }
                        ] }
                    ] }
                ] }
            ] }
        ] }
    ] },
    Node: { Label: "fn"
    children: [
        Node: { Token: {Value: test, Type: identifier, Line: 8, Column: 3} },
        Node: { Label: "fn-body"
        children: [
            Node: { Label: "call"
            children: [
                Node: { Token: {Value: println, Type: identifier, Line: 9, Column: 4} },
                Node: { Label: "params"
                children: [
                    Node: { Token: %!v(PANIC=String method: runtime error: index out of range [5] with length 0) }
                ] }
            ] }
        ] }
    ] },
    Node: { Label: "fn"
    children: [
        Node: { Token: {Value: test, Type: identifier, Line: 12, Column: 3} },
        Node: { Label: "params"
        children: [
            Node: { Label: "param"
            children: [
                Node: { Token: {Value: char, Type: type keyword, Line: 12, Column: 8} },
                Node: { Token: {Value: c, Type: identifier, Line: 12, Column: 13} }
            ] }
        ] },
        Node: { Token: {Value: bool, Type: type keyword, Line: 12, Column: 19} },
        Node: { Label: "fn-body" }
    ] },
    Node: { Label: "fn"
    children: [
        Node: { Token: {Value: test, Type: identifier, Line: 13, Column: 3} },
        Node: { Label: "params"
        children: [
            Node: { Label: "param"
            children: [
                Node: { Token: {Value: int, Type: type keyword, Line: 13, Column: 8} },
                Node: { Token: {Value: i, Type: identifier, Line: 13, Column: 12} }
            ] },
            Node: { Label: "param"
            children: [
                Node: { Token: {Value: char, Type: type keyword, Line: 13, Column: 15} },
                Node: { Token: {Value: c, Type: identifier, Line: 13, Column: 20} }
            ] }
        ] }
    ] },
    Node: { Label: "fn"
    children: [
        Node: { Token: {Value: test, Type: identifier, Line: 14, Column: 3} },
        Node: { Label: "params"
        children: [
            Node: { Label: "param"
            children: [
                Node: { Token: {Value: int, Type: type keyword, Line: 14, Column: 8} },
                Node: { Token: {Value: i, Type: identifier, Line: 14, Column: 12} }
            ] },
            Node: { Label: "param"
            children: [
                Node: { Token: {Value: char, Type: type keyword, Line: 14, Column: 15} },
                Node: { Token: {Value: c, Type: identifier, Line: 14, Column: 20} }
            ] }
        ] }
    ] },
    Node: { Label: "interface"
    children: [
        Node: { Token: {Value: A, Type: identifier, Line: 16, Column: 10} },
        Node: { Label: "interface-body"
        children: [
            Node: { Label: "fn"
            children: [
                Node: { Token: {Value: test, Type: identifier, Line: 17, Column: 7} }
            ] },
            Node: { Label: "fn"
            children: [
                Node: { Token: {Value: test2, Type: identifier, Line: 18, Column: 7} },
                Node: { Label: "fn-body"
                children: [
                    Node: { Label: "Variable"
                    children: [
                        Node: { Token: {Value: int, Type: type keyword, Line: 19, Column: 8} },
                        Node: { Token: {Value: x, Type: identifier, Line: 19, Column: 12} },
                        Node: { Token: {Value: 5, Type: int literal, Line: 19, Column: 16} }
                    ] },
                    Node: { Label: "Variable"
                    children: [
                        Node: { Token: {Value: uint32, Type: type keyword, Line: 20, Column: 8} },
                        Node: { Token: {Value: y, Type: identifier, Line: 20, Column: 15} },
                        Node: { Token: {Value: 1, Type: int literal, Line: 20, Column: 19} }
                    ] },
                    Node: { Label: "control-flow"
                    children: [
                        Node: { Token: {Value: return, Type: flow keyword, Line: 21, Column: 8} },
                        Node: { Token: {Value: -, Type: add operator, Line: 21, Column: 17}
                        children: [
                            Node: { Token: {Value: x, Type: identifier, Line: 21, Column: 15} },
                            Node: { Token: {Value: y, Type: identifier, Line: 21, Column: 19} }
                        ] }
                    ] }
                ] }
            ] }
        ] }
    ] },
    Node: { Label: "fn"
    children: [
        Node: { Token: {Value: abc, Type: identifier, Line: 25, Column: 3} },
        Node: { Label: "params"
        children: [
            Node: { Label: "param"
            children: [
                Node: { Token: {Value: int, Type: type keyword, Line: 25, Column: 7} },
                Node: { Token: {Value: i, Type: identifier, Line: 25, Column: 11} }
            ] }
        ] },
        Node: { Token: {Value: float, Type: type keyword, Line: 25, Column: 17} },
        Node: { Label: "fn-body"
        children: [
            Node: { Label: "control-flow"
            children: [
                Node: { Token: {Value: return, Type: flow keyword, Line: 26, Column: 4} },
                Node: { Label: "typecast"
                children: [
                    Node: { Token: {Value: i, Type: identifier, Line: 26, Column: 11} },
                    Node: { Token: {Value: float, Type: type keyword, Line: 26, Column: 16} }
                ] }
            ] }
        ] }
    ] }
] }
, Compiler messages:
[
    "IllegalStatementError: Function with signature 'fn test()' cannot be redefined at line: 9, column: 1",
    "IllegalStatementError: Function name 'test' already defined without a return type; cannot overload with return type bool at line: 13, column: 1",
    "IllegalStatementError: Function with signature 'fn test(int,char)' cannot be redefined at line: 15, column: 1"
]

---
