
[TestValidPrograms/should_compile_program.the_with_no_issues - 1]
Exit code: 1
===

Output:

    (data $__str_const0 (i32.const 100) "")
    (data $__str_const1 (i32.const 105) "Error: ")
    (data $__str_const2 (i32.const 113) "This number is too big!")
    (data $__str_const3 (i32.const 137) "Number is even")
    (data $__str_const4 (i32.const 152) "Number is odd")
    (data $__str_const5 (i32.const 166) "hello")
    (global $SOME_CONST i32 (i32.const 50000))
    (func $__ErrorLogger_cast__default_toString (param $__this i32) (result i32)
        (local $__t0 i32)
        (i32.const 123)
        (i32.const 125)
        (call $__char_concat)
        (local.set $__t0)
        (local.get $__t0)
        (return)
    )
    (func $__ErrorLogger_compare__default__equals (param $__this i32) (param $__other i32) (result i32)
        (i32.const 1)
        (return)
    )
    (func $__ErrorLogger_Logger_log (param $error i32) (param $__this i32)
        (local $__t1 i32)
        (i32.const 105)
        (local.get $error)
        (call $__str_concat)
        (local.set $__t1)
        (local.get $__t1)
        (call $println)
    )
    (func $main (export "main") (result i32)
        (local $__t2 i32)
        (local $logger i32)
        (local $__t3 i32)
        (local $i i32)
        (local $__t4 i32)
        (local $__t5 i32)
        (local $__t6 i32)
        (local $less i32)
        (local $__t7 i32)
        (local $str i32)
        (local $indx i32)
        (local.set $logger (local.get $__t2))
        (global.get $SOME_CONST)
        (i32.const 2)
        (call $__u32_pow)
        (local.set $__t3)
        (local.set $i (local.get $__t3))
        (local.get $i)
        (i32.const 2)
        (i32.add)
        (local.set $__t4)
        (local.set $i (local.get $__t4))
        (local.get $i)
        (i32.const 2)
        (i32.mul)
        (local.set $__t5)
        (local.set $i (local.get $__t5))
        (local.get $i)
        (i32.const 10)
        (i32.lt_u)
        (local.set $__t6)
        (local.set $less (local.get $__t6))
        (local.get $i)
        (global.get $UINT32_MAX)
        (i32.gt_u)
        (local.set $__t7)
        (local.set $str (i32.const 166))
        (local.set $indx (i32.const 0))
        (i32.const 0)
        (return)
    )

Error: failed to find func named `$__char_concat`
     --> <anon>:377:15
      |
  377 |         (call $__char_concat)
      |               ^ 

---
