
[TestCodeGeneration/should_compile_simple.the - 1]
{Target:
    (data $__str_const0 (i32.const 100) "")
    (data $__str_const1 (i32.const 104) "hello")
    (data $__str_const2 (i32.const 109) "Error")
    (global $y i64 (i64.const 5))
    (func $main (export "main") (result i32)
        (local $__t1 i32)
        (local $__t2 f64)
        (local $fromInt f64)
        (local $s i32)
        (local $__t3 i32)
        (local $__t4 i32)
        (local $__t6 i32)
        (local $__t0 i32)
        (local $__t5 i32)
        (local $__t7 i32)
        (local $__t8 i32)
        (local $u i64)
        (local $__t9 i64)
        (local $i i32)
        (local.set $i (i32.const 1))
        (i32.const 1)
        (i32.const 2)
        (call $test)
        (local.set $__t0)
        (local.get $i)
        (local.get $__t0)
        (i32.add)
        (local.set $__t1)
        (local.set $i (local.get $__t1))
        (local.get $i)
        (f64.convert_i32_s)
        (local.set $__t2)
        (local.set $fromInt (local.get $__t2))
        (local.set $s)
        (call $printerr)
        (i32.const 1)
        (i32.const 2)
        (i32.mul)
        (local.set $__t3)
        (local.get $__t3)
        (i32.const 3)
        (i32.shr_s)
        (local.set $__t4)
        (i32.const 4)
        (i32.const 5)
        (i32.xor)
        (local.set $__t5)
        (local.get $__t5)
        (i32.const 6)
        (i32.or)
        (local.set $__t6)
        (local.get $__t6)
        (i32.const 7)
        (i32.and)
        (local.set $__t7)
        (local.get $__t4)
        (local.get $__t7)
        (i32.shl)
        (local.set $__t8)
        (local.set $u (i64.const 50000))
        (local.get $u)
        (i64.const 2)
        (i64.div_u)
        (local.set $__t9)
        (local.get $i)
        (return)
    )
    (func $test (param $x i32) (param $y i32) (result i32)
        (local $__t10 i32)
        (local.get $x)
        (local.get $y)
        (i32.sub)
        (local.set $__t10)
        (local.get $__t10)
        (return)
    )

}
---
