
[TestCodeGeneration/should_compile_simple.the - 1]
{Target:
    (data $__str_const0 (i32.const 100) "")
    (global $y i64 (i64.const 4))
    (func $main (export "main") (result i32)
        (local $i i32)
        (local $__t0 i32)
        (local $__t1 i32)
        (local.set $i (i32.const 1))
        (i32.const 1)
        (i32.const 2)
        (call $test)
        (local.set $__t0)
        (local.get $i)
        (local.get $__t0)
        (i32.add)
        (local.set $__t1)
        (local.set $i (local.get $__t1))
        (local.get $i)
        (return)
    )
    (func $test (param $x i32) (param $y i32) (result i32)
        (local $__t2 i32)
        (local $__t3 i32)
        (local.get $y)
        (i32.const 0)
        (i32.ne)
        (local.set $__t2)
        (if (result i32)
            (local.get $__t2)
            (then
                    (local.get $x)
                    (local.get $y)
                    (i32.sub)
                    (local.set $__t3)
                    (local.get $__t3)
                    (return)

            )
            (else
                    (local.get $x)
                    (return)

            )
        )
    )

}
---

[TestCodeGeneration/should_compile_if.the - 1]
{Target:
    (data $__str_const0 (i32.const 100) "")
    (data $__str_const1 (i32.const 105) "Enter your name: ")
    (func $main (export "main") (result i32)
        (local $__t0 i32)
        (local $name i32)
        (local $__t1 i32)
        (call $prompt)
        (local.set $__t0)
        (local.set $name (local.get $__t0))
        (local.get $name)
        (call $__str_length)
        (local.set $__t1)
        (local.get $__t1)
        (return)
    )

}
---
