
[TestCodeGeneration/should_compile_simple.the - 1]
{Target:
    (data $__str_const0 (i32.const 100) "")
    (global $y i64 (i64.const 4))
    (func $main (export "main") (result i32)
        (local $i i32)
        (local $__t0 i32)
        (local $__t1 i32)
        (local.set $i (i32.const 1))
        (i32.const 1)
        (i32.const 2)
        (call $test)
        (local.set $__t0)
        (local.get $i)
        (local.get $__t0)
        (i32.add)
        (local.set $__t1)
        (local.set $i (local.get $__t1))
        (local.get $i)
        (return)
    )
    (func $test (param $x i32) (param $y i32) (result i32)
        (local $__t2 i32)
        (local $__t3 i32)
        (local.get $y)
        (i32.const 0)
        (i32.ne)
        (local.set $__t2)
        (if (result i32)
            (local.get $__t2)
            (then
                    (local.get $x)
                    (local.get $y)
                    (i32.sub)
                    (local.set $__t3)
                    (local.get $__t3)
                    (return)

            )
            (else
                    (local.get $x)
                    (return)

            )
        )
    )

}
---

[TestCodeGeneration/should_compile_if.the - 1]
{Target:
    (data $__str_const0 (i32.const 100) "")
    (data $__str_const1 (i32.const 105) "Enter your name: ")
    (func $getIndexOfFirstAFromName (result i32)
        (local $__t0 i32)
        (local $name i32)
        (local $__t1 i32)
        (local $__t2 i32)
        (local $__t3 i32)
        (call $prompt)
        (local.set $__t0)
        (local.set $name (local.get $__t0))
        (i32.const 97)
        (local.get $name)
        (call $__str_contains_char)
        (local.set $__t1)
        (if (result )
            (local.get $__t1)
            (then
                    (i32.const 97)
                    (local.get $name)
                    (call $__str_indexOf)
                    (local.set $__t2)
                    (local.get $__t2)
                    (return)

            )
        )
        (i32.const 0)
        (i32.const 1)
        (i32.sub)
        (local.set $__t3)
        (local.get $__t3)
        (return)
    )
    (func $isEven (param $n i32) (result i32)
        (local $__t4 i32)
        (local $__t5 i32)
        (local.get $n)
        (i32.const 2)
        (i32.rem_s)
        (local.set $__t4)
        (local.get $__t4)
        (i32.const 0)
        (i32.eq)
        (local.set $__t5)
        (if (result i32)
            (local.get $__t5)
            (then
                    (i32.const 1)
                    (return)

            )
            (else
                    (i32.const 0)
                    (return)

            )
        )
    )
    (func $main (export "main") (result i32)
        (local $__t6 i32)
        (local $__t7 i32)
        (local $__t8 i32)
        (local $__t9 i32)
        (local $__t10 i32)
        (local $__t11 i32)
        (call $getIndexOfFirstAFromName)
        (local.set $__t6)
        (local.get $__t6)
        (call $__str_fromInt32)
        (local.set $__t7)
        (local.get $__t7)
        (call $println)
        (i32.const 10)
        (call $isEven)
        (local.set $__t8)
        (local.get $__t8)
        (call $__str_fromBool)
        (local.set $__t9)
        (local.get $__t9)
        (call $println)
        (i32.const 9)
        (call $isEven)
        (local.set $__t10)
        (local.get $__t10)
        (call $__str_fromBool)
        (local.set $__t11)
        (local.get $__t11)
        (call $println)
        (i32.const 0)
        (return)
    )

}
---
