
[TestInvalidPrograms/should_try_to_compile_lexer_errors.the_and_report_lexer_errors - 1]
Exit code: 1
===

Output:

SyntaxError: Unrecognized character: '$' at line: 1, column: 9
SyntaxError: Unrecognized character: '#' at line: 2, column: 1
SyntaxError: Found multiline comment close but no open at line: 3, column: 1
SyntaxError: Incomplete hex literal: 0x at line: 5, column: 1
SyntaxError: Incomplete hex literal: 0x at line: 6, column: 1
SyntaxError: Invalid float point literal: 1.1.12 at line: 7, column: 1
SyntaxError: Unterminated string literal at line: 8, column: 1
SyntaxError: Unterminated string literal at line: 9, column: 6
SyntaxError: Unterminated string literal at line: 10, column: 1
SyntaxError: Unterminated character literal at line: 11, column: 1
SyntaxError: Unterminated character literal at line: 12, column: 1
SyntaxError: Unterminated character literal at line: 13, column: 2
SyntaxError: Unterminated string literal at line: 16, column: 3
SyntaxError: Unterminated character literal at line: 17, column: 3
SyntaxError: Reached EOF while scanning for */ 

Summary:
Errors: 15, Warnings: 0

---

[TestInvalidPrograms/should_try_to_compile_parser_errors.the_and_report_parser_errors - 1]
Exit code: 1
===

Output:

SyntaxError: Expected declaration but found 'y' at line: 1, column: 1
SyntaxError: Expected type but got '{' at line: 3, column: 14
SyntaxError: Expected expression but got '^' at line: 6, column: 13
SyntaxError: Expected ';' but got EOF at line: 9, column: 1

Summary:
Errors: 4, Warnings: 0

---

[TestInvalidPrograms/should_try_to_compile_semantic_errors.the_and_report_semantic_errors - 1]
Exit code: 1
===

Output:

TypeError: Cannot assign type String to variable type int at line: 2, column: 9
TypeError: Invalid type 'Any' provided at line: 5, column: 22
ImplementationError: struct Metadata is missing named block for interface Json at line: 13, column: 1
TypeError: Invalid type 'Any' provided at line: 15, column: 5
ImplementationError: Interface Data implementation missing 'fn getId()->int' at line: 16, column: 5
ImplementationError: Interface Data implementation missing 'fn getValue()' at line: 16, column: 5
ImplementationError: Named block Data contains function dataIdEquals which its interface does not at line: 16, column: 5
TypeError: Function 'dataIdEquals(int)' expected return type None but got bool at line: 18, column: 13
NameError: Variable 'x' is not defined in this scope at line: 24, column: 5
CallError: Could not find function 'contains(bool)->bool' at line: 25, column: 16
CallError: Function without body cannot be called at line: 27, column: 13
TypeError: Function 'main()' expected return type None but got int at line: 28, column: 5
Error: Missing entrypoint function 'fn main()->int' 

Summary:
Errors: 13, Warnings: 0

---
