
[TestValidPrograms/should_compile_program.the_with_no_issues - 1]
Exit code: 0
===

Output:

{Value: uint32, Type: type keyword, Line: 1, Column: 1}
{Value: SOME_CONST, Type: identifier, Line: 1, Column: 8}
{Value: =, Type: assign operator, Line: 1, Column: 19}
{Value: 50000, Type: int literal, Line: 1, Column: 21}
{Value: ;, Type: separator, Line: 1, Column: 26}
{Value: interface, Type: structure keyword, Line: 3, Column: 1}
{Value: Logger, Type: identifier, Line: 3, Column: 11}
{Value: {, Type: separator, Line: 3, Column: 18}
{Value: fn, Type: structure keyword, Line: 4, Column: 5}
{Value: log, Type: identifier, Line: 4, Column: 8}
{Value: (, Type: separator, Line: 4, Column: 11}
{Value: String, Type: type keyword, Line: 4, Column: 12}
{Value: message, Type: identifier, Line: 4, Column: 19}
{Value: ), Type: separator, Line: 4, Column: 26}
{Value: ;, Type: separator, Line: 4, Column: 27}
{Value: }, Type: separator, Line: 5, Column: 1}
{Value: struct, Type: structure keyword, Line: 7, Column: 1}
{Value: ErrorLogger, Type: identifier, Line: 7, Column: 8}
{Value: impl, Type: modifier keyword, Line: 7, Column: 20}
{Value: Logger, Type: identifier, Line: 7, Column: 25}
{Value: {, Type: separator, Line: 7, Column: 32}
{Value: Logger, Type: identifier, Line: 8, Column: 5}
{Value: {, Type: separator, Line: 8, Column: 12}
{Value: fn, Type: structure keyword, Line: 9, Column: 9}
{Value: log, Type: identifier, Line: 9, Column: 12}
{Value: (, Type: separator, Line: 9, Column: 15}
{Value: String, Type: type keyword, Line: 9, Column: 16}
{Value: error, Type: identifier, Line: 9, Column: 23}
{Value: ), Type: separator, Line: 9, Column: 28}
{Value: {, Type: separator, Line: 9, Column: 30}
{Value: println, Type: identifier, Line: 10, Column: 13}
{Value: (, Type: separator, Line: 10, Column: 20}
{Value: "Error: ", Type: string literal, Line: 10, Column: 21}
{Value: +, Type: add operator, Line: 10, Column: 31}
{Value: error, Type: identifier, Line: 10, Column: 33}
{Value: ), Type: separator, Line: 10, Column: 38}
{Value: ;, Type: separator, Line: 10, Column: 39}
{Value: }, Type: separator, Line: 11, Column: 9}
{Value: }, Type: separator, Line: 12, Column: 5}
{Value: }, Type: separator, Line: 13, Column: 1}
{Value: fn, Type: structure keyword, Line: 15, Column: 1}
{Value: main, Type: identifier, Line: 15, Column: 4}
{Value: (, Type: separator, Line: 15, Column: 8}
{Value: ), Type: separator, Line: 15, Column: 9}
{Value: ->, Type: separator, Line: 15, Column: 11}
{Value: {, Type: separator, Line: 15, Column: 14}
{Value: Logger, Type: identifier, Line: 16, Column: 5}
{Value: logger, Type: identifier, Line: 16, Column: 12}
{Value: =, Type: assign operator, Line: 16, Column: 19}
{Value: ErrorLogger, Type: identifier, Line: 16, Column: 21}
{Value: {, Type: separator, Line: 16, Column: 32}
{Value: }, Type: separator, Line: 16, Column: 33}
{Value: ;, Type: separator, Line: 16, Column: 34}
{Value: uint32, Type: type keyword, Line: 17, Column: 5}
{Value: i, Type: identifier, Line: 17, Column: 12}
{Value: =, Type: assign operator, Line: 17, Column: 14}
{Value: SOME_CONST, Type: identifier, Line: 17, Column: 16}
{Value: **, Type: operator, Line: 17, Column: 27}
{Value: 2, Type: int literal, Line: 17, Column: 30}
{Value: ;, Type: separator, Line: 17, Column: 31}
{Value: if, Type: structure keyword, Line: 18, Column: 5}
{Value: (, Type: separator, Line: 18, Column: 8}
{Value: i, Type: identifier, Line: 18, Column: 9}
{Value: >, Type: compare operator, Line: 18, Column: 11}
{Value: UINT32_MAX, Type: identifier, Line: 18, Column: 13}
{Value: ), Type: separator, Line: 18, Column: 23}
{Value: {, Type: separator, Line: 18, Column: 25}
{Value: logger, Type: identifier, Line: 19, Column: 9}
{Value: ., Type: operator, Line: 19, Column: 15}
{Value: log, Type: identifier, Line: 19, Column: 16}
{Value: (, Type: separator, Line: 19, Column: 19}
{Value: "This number is too big!", Type: string literal, Line: 19, Column: 20}
{Value: ), Type: separator, Line: 19, Column: 45}
{Value: ;, Type: separator, Line: 19, Column: 46}
{Value: return, Type: flow keyword, Line: 20, Column: 9}
{Value: 1, Type: int literal, Line: 20, Column: 16}
{Value: ;, Type: separator, Line: 20, Column: 17}
{Value: }, Type: separator, Line: 21, Column: 5}
{Value: else, Type: structure keyword, Line: 22, Column: 5}
{Value: if, Type: structure keyword, Line: 22, Column: 10}
{Value: (, Type: separator, Line: 22, Column: 13}
{Value: i, Type: identifier, Line: 22, Column: 14}
{Value: %, Type: multiply operator, Line: 22, Column: 16}
{Value: 2, Type: int literal, Line: 22, Column: 18}
{Value: ==, Type: compare operator, Line: 22, Column: 20}
{Value: 0, Type: int literal, Line: 22, Column: 23}
{Value: ), Type: separator, Line: 22, Column: 24}
{Value: logger, Type: identifier, Line: 23, Column: 9}
{Value: ., Type: operator, Line: 23, Column: 15}
{Value: log, Type: identifier, Line: 23, Column: 16}
{Value: (, Type: separator, Line: 23, Column: 19}
{Value: "Number is even", Type: string literal, Line: 23, Column: 20}
{Value: ), Type: separator, Line: 23, Column: 36}
{Value: ;, Type: separator, Line: 23, Column: 37}
{Value: else, Type: structure keyword, Line: 24, Column: 5}
{Value: logger, Type: identifier, Line: 25, Column: 9}
{Value: ., Type: operator, Line: 25, Column: 15}
{Value: log, Type: identifier, Line: 25, Column: 16}
{Value: (, Type: separator, Line: 25, Column: 19}
{Value: "Number is odd", Type: string literal, Line: 25, Column: 20}
{Value: ), Type: separator, Line: 25, Column: 35}
{Value: ;, Type: separator, Line: 25, Column: 36}
{Value: String, Type: type keyword, Line: 26, Column: 5}
{Value: str, Type: identifier, Line: 26, Column: 12}
{Value: =, Type: assign operator, Line: 26, Column: 16}
{Value: "hello", Type: string literal, Line: 26, Column: 18}
{Value: ;, Type: separator, Line: 26, Column: 25}
{Value: for, Type: structure keyword, Line: 27, Column: 5}
{Value: (, Type: separator, Line: 27, Column: 9}
{Value: int, Type: type keyword, Line: 27, Column: 10}
{Value: k, Type: identifier, Line: 27, Column: 14}
{Value: ,, Type: separator, Line: 27, Column: 15}
{Value: char, Type: type keyword, Line: 27, Column: 17}
{Value: c, Type: identifier, Line: 27, Column: 22}
{Value: in, Type: operator keyword, Line: 27, Column: 24}
{Value: str, Type: identifier, Line: 27, Column: 27}
{Value: ), Type: separator, Line: 27, Column: 30}
{Value: {, Type: separator, Line: 27, Column: 32}
{Value: if, Type: structure keyword, Line: 28, Column: 9}
{Value: (, Type: separator, Line: 28, Column: 12}
{Value: k, Type: identifier, Line: 28, Column: 13}
{Value: ==, Type: compare operator, Line: 28, Column: 15}
{Value: 0, Type: int literal, Line: 28, Column: 18}
{Value: ||, Type: operator, Line: 28, Column: 20}
{Value: k, Type: identifier, Line: 28, Column: 23}
{Value: ==, Type: compare operator, Line: 28, Column: 25}
{Value: str, Type: identifier, Line: 28, Column: 28}
{Value: ., Type: operator, Line: 28, Column: 31}
{Value: length, Type: identifier, Line: 28, Column: 32}
{Value: -, Type: add operator, Line: 28, Column: 39}
{Value: 1, Type: int literal, Line: 28, Column: 41}
{Value: ), Type: separator, Line: 28, Column: 42}
{Value: continue, Type: flow keyword, Line: 29, Column: 13}
{Value: ;, Type: separator, Line: 29, Column: 21}
{Value: println, Type: identifier, Line: 30, Column: 9}
{Value: (, Type: separator, Line: 30, Column: 16}
{Value: c, Type: identifier, Line: 30, Column: 17}
{Value: ), Type: separator, Line: 30, Column: 18}
{Value: ;, Type: separator, Line: 30, Column: 19}
{Value: }, Type: separator, Line: 31, Column: 5}
{Value: int, Type: type keyword, Line: 32, Column: 5}
{Value: indx, Type: identifier, Line: 32, Column: 9}
{Value: =, Type: assign operator, Line: 32, Column: 14}
{Value: 0, Type: int literal, Line: 32, Column: 16}
{Value: ;, Type: separator, Line: 32, Column: 17}
{Value: while, Type: structure keyword, Line: 33, Column: 5}
{Value: (, Type: separator, Line: 33, Column: 11}
{Value: indx, Type: identifier, Line: 33, Column: 12}
{Value: <, Type: compare operator, Line: 33, Column: 17}
{Value: str, Type: identifier, Line: 33, Column: 19}
{Value: ., Type: operator, Line: 33, Column: 22}
{Value: length, Type: identifier, Line: 33, Column: 23}
{Value: ), Type: separator, Line: 33, Column: 29}
{Value: {, Type: separator, Line: 33, Column: 31}
{Value: if, Type: structure keyword, Line: 34, Column: 9}
{Value: (, Type: separator, Line: 34, Column: 12}
{Value: indx, Type: identifier, Line: 34, Column: 13}
{Value: !=, Type: compare operator, Line: 34, Column: 18}
{Value: 0, Type: int literal, Line: 34, Column: 21}
{Value: &&, Type: operator, Line: 34, Column: 23}
{Value: indx, Type: identifier, Line: 34, Column: 26}
{Value: %, Type: multiply operator, Line: 34, Column: 31}
{Value: 7, Type: int literal, Line: 34, Column: 33}
{Value: ==, Type: compare operator, Line: 34, Column: 35}
{Value: 0, Type: int literal, Line: 34, Column: 38}
{Value: ), Type: separator, Line: 34, Column: 39}
{Value: break, Type: flow keyword, Line: 35, Column: 13}
{Value: ;, Type: separator, Line: 35, Column: 18}
{Value: indx, Type: identifier, Line: 36, Column: 9}
{Value: ++, Type: unary operator, Line: 36, Column: 13}
{Value: ;, Type: separator, Line: 36, Column: 15}
{Value: }, Type: separator, Line: 37, Column: 5}
{Value: return, Type: flow keyword, Line: 38, Column: 5}
{Value: 0, Type: int literal, Line: 38, Column: 12}
{Value: ;, Type: separator, Line: 38, Column: 13}
{Value: }, Type: separator, Line: 39, Column: 1}


---
