
[TestValidPrograms/should_compile_program.the_with_no_issues - 1]
Exit code: 0
===

Output:

Scope: { id: @global, parent: @built-in, interfaces: map[Logger:{name: Logger}], structs: map[ErrorLogger:{name: ErrorLogger, size: 0}], functions: map[main:{name: main, returns: int, overloads: [{parameters: (), implemented: true}]}], variables: map[SOME_CONST:{name: SOME_CONST, Type: uint32, Initialized: true}], children: [
    Scope: { id: Logger, parent: @global, functions: map[log:{name: log, returns: None, overloads: [{parameters: (String), implemented: false}]}] },
    Scope: { id: ErrorLogger, parent: @global, namedBlocks: map[Logger:{name: Logger}], children: [
        Scope: { id: Logger@ErrorLogger, parent: ErrorLogger, functions: map[log:{name: log, returns: None, overloads: [{parameters: (String), implemented: true}]}], children: [
            Scope: { id: log@Logger@ErrorLogger, parent: Logger@ErrorLogger, variables: map[error:{name: error, Type: String, Initialized: false}] }
        ] }
    ] },
    Scope: { id: @main, parent: @global }
] }


---
