
[TestLexer/should_run_chars.the_and_have_mixed_results - 1]
Tokens:
[
    {Value: '', Type: char literal, Line: 1, Column: 0},
    {Value: char, Type: type keyword, Line: 2, Column: 0},
    {Value: c, Type: identifier, Line: 2, Column: 5},
    {Value: =, Type: assign operator, Line: 2, Column: 7},
    {Value: 'a', Type: char literal, Line: 2, Column: 9},
    {Value: ;, Type: separator, Line: 2, Column: 12},
    {Value: 'a', Type: char literal, Line: 3, Column: 0},
    {Value: '\'', Type: char literal, Line: 4, Column: 0},
    {Value: b, Type: identifier, Line: 8, Column: 0},
    {Value: EOF, Type: EOF, Line: 12, Column: 0}
]
Compiler messages:
[
    "SyntaxError: Unterminated character literal at line: 8, column: 1",
    "SyntaxError: Unterminated character literal at line: 9, column: 2",
    "SyntaxError: Invalid character literal '⚠️' at line: 10, column: 1",
    "SyntaxError: Invalid character literal ';ssdfsdf' at line: 11, column: 1"
]

---

[TestLexer/should_run_strings.the_and_have_mixed_results - 1]
Tokens:
[
    {Value: String, Type: type keyword, Line: 1, Column: 0},
    {Value: s, Type: identifier, Line: 1, Column: 7},
    {Value: =, Type: assign operator, Line: 1, Column: 9},
    {Value: "hello, world!", Type: string literal, Line: 1, Column: 11},
    {Value: ;, Type: separator, Line: 1, Column: 26},
    {Value: "world + 1", Type: string literal, Line: 2, Column: 0},
    {Value: "", Type: string literal, Line: 3, Column: 0},
    {Value: "\"", Type: string literal, Line: 4, Column: 0},
    {Value: "Is this string \"hello\" valid?", Type: string literal, Line: 5, Column: 0},
    {Value: "\\", Type: string literal, Line: 6, Column: 0},
    {Value: "\\\\", Type: string literal, Line: 7, Column: 0},
    {Value: "\n", Type: string literal, Line: 8, Column: 0},
    {Value: "hello", Type: string literal, Line: 9, Column: 0},
    {Value: [, Type: separator, Line: 9, Column: 7},
    {Value: 1, Type: int literal, Line: 9, Column: 8},
    {Value: ], Type: separator, Line: 9, Column: 9},
    {Value: s, Type: identifier, Line: 10, Column: 0},
    {Value: [, Type: separator, Line: 10, Column: 1},
    {Value: ^, Type: bitwise operator, Line: 10, Column: 2},
    {Value: 1, Type: int literal, Line: 10, Column: 3},
    {Value: ], Type: separator, Line: 10, Column: 4},
    {Value: s, Type: identifier, Line: 11, Column: 0},
    {Value: [, Type: separator, Line: 11, Column: 1},
    {Value: 1, Type: int literal, Line: 11, Column: 2},
    {Value: .., Type: range operator, Line: 11, Column: 3},
    {Value: 4, Type: int literal, Line: 11, Column: 5},
    {Value: ], Type: separator, Line: 11, Column: 6},
    {Value: s, Type: identifier, Line: 12, Column: 0},
    {Value: [, Type: separator, Line: 12, Column: 1},
    {Value: ^, Type: bitwise operator, Line: 12, Column: 2},
    {Value: 3, Type: int literal, Line: 12, Column: 3},
    {Value: ..=, Type: range operator, Line: 12, Column: 4},
    {Value: ^, Type: bitwise operator, Line: 12, Column: 7},
    {Value: 1, Type: int literal, Line: 12, Column: 8},
    {Value: ], Type: separator, Line: 12, Column: 9},
    {Value: String, Type: type keyword, Line: 13, Column: 0},
    {Value: prefix, Type: identifier, Line: 13, Column: 7},
    {Value: =, Type: assign operator, Line: 13, Column: 14},
    {Value: "⚠️ Warning: ", Type: string literal, Line: 13, Column: 16},
    {Value: ;, Type: separator, Line: 13, Column: 34},
    {Value: hello, Type: identifier, Line: 18, Column: 0},
    {Value: EOF, Type: EOF, Line: 20, Column: 5}
]
Compiler messages:
[
    "SyntaxError: Unterminated string literal at line: 17, column: 1",
    "SyntaxError: Unterminated string literal at line: 18, column: 1",
    "SyntaxError: Unterminated string literal at line: 19, column: 6",
    "SyntaxError: Unterminated string literal at line: 20, column: 1"
]

---

[TestLexer/should_run_numbers.the_and_have_mixed_results - 1]
Tokens:
[
    {Value: 0x2c, Type: hex literal, Line: 1, Column: 1},
    {Value: 0x55, Type: hex literal, Line: 2, Column: 0},
    {Value: %, Type: multiply operator, Line: 2, Column: 5},
    {Value: 0x1b, Type: hex literal, Line: 2, Column: 7},
    {Value: ;, Type: separator, Line: 2, Column: 11},
    {Value: 0x3a, Type: hex literal, Line: 3, Column: 0},
    {Value: .., Type: range operator, Line: 3, Column: 5},
    {Value: 0xff, Type: hex literal, Line: 3, Column: 8},
    {Value: 0x3a, Type: hex literal, Line: 4, Column: 0},
    {Value: .., Type: range operator, Line: 4, Column: 4},
    {Value: 0xff, Type: hex literal, Line: 4, Column: 6},
    {Value: 0x1, Type: hex literal, Line: 5, Column: 0},
    {Value: ..=, Type: range operator, Line: 5, Column: 3},
    {Value: 0xff, Type: hex literal, Line: 5, Column: 6},
    {Value: int, Type: type keyword, Line: 6, Column: 0},
    {Value: n, Type: identifier, Line: 6, Column: 4},
    {Value: =, Type: assign operator, Line: 6, Column: 6},
    {Value: 50, Type: int literal, Line: 6, Column: 8},
    {Value: ;, Type: separator, Line: 6, Column: 10},
    {Value: 50.91, Type: float literal, Line: 7, Column: 0},
    {Value: n, Type: identifier, Line: 8, Column: 0},
    {Value: /=, Type: assign operator, Line: 8, Column: 2},
    {Value: 10, Type: int literal, Line: 8, Column: 5},
    {Value: 0.5, Type: float literal, Line: 9, Column: 0},
    {Value: 0.5, Type: float literal, Line: 10, Column: 1},
    {Value: +, Type: add operator, Line: 10, Column: 4},
    {Value: 1, Type: int literal, Line: 10, Column: 6},
    {Value: 0.234, Type: float literal, Line: 11, Column: 0},
    {Value: 1, Type: int literal, Line: 12, Column: 0},
    {Value: .., Type: range operator, Line: 12, Column: 1},
    {Value: 5, Type: int literal, Line: 12, Column: 3},
    {Value: 0.1, Type: float literal, Line: 13, Column: 0},
    {Value: .., Type: range operator, Line: 13, Column: 3},
    {Value: 0.5, Type: float literal, Line: 13, Column: 5},
    {Value: int, Type: type keyword, Line: 14, Column: 0},
    {Value: i, Type: identifier, Line: 14, Column: 4},
    {Value: =, Type: assign operator, Line: 14, Column: 6},
    {Value: 1, Type: int literal, Line: 14, Column: 8},
    {Value: i, Type: identifier, Line: 14, Column: 9},
    {Value: 0x1, Type: hex literal, Line: 15, Column: 0},
    {Value: ., Type: operator, Line: 15, Column: 3},
    {Value: a, Type: identifier, Line: 15, Column: 4},
    {Value: -, Type: add operator, Line: 16, Column: 0},
    {Value: 100, Type: int literal, Line: 16, Column: 1},
    {Value: 5, Type: int literal, Line: 17, Column: 0},
    {Value: %, Type: multiply operator, Line: 17, Column: 2},
    {Value: 2, Type: int literal, Line: 17, Column: 4},
    {Value: 2, Type: int literal, Line: 18, Column: 0},
    {Value: **, Type: operator, Line: 18, Column: 2},
    {Value: 5, Type: int literal, Line: 18, Column: 5},
    {Value: 0, Type: float literal, Line: 19, Column: 0},
    {Value: ==, Type: compare operator, Line: 19, Column: 5},
    {Value: 0, Type: int literal, Line: 19, Column: 8},
    {Value: 0, Type: float literal, Line: 20, Column: 0},
    {Value: !=, Type: compare operator, Line: 20, Column: 5},
    {Value: 0, Type: int literal, Line: 20, Column: 8},
    {Value: 1, Type: int literal, Line: 21, Column: 0},
    {Value: /, Type: multiply operator, Line: 21, Column: 2},
    {Value: 0, Type: int literal, Line: 21, Column: 4},
    {Value: n, Type: identifier, Line: 22, Column: 0},
    {Value: -=, Type: assign operator, Line: 22, Column: 2},
    {Value: 1, Type: int literal, Line: 22, Column: 5},
    {Value: |, Type: bitwise operator, Line: 22, Column: 7},
    {Value: 0, Type: int literal, Line: 22, Column: 9},
    {Value: &, Type: bitwise operator, Line: 22, Column: 11},
    {Value: 1, Type: int literal, Line: 22, Column: 13},
    {Value: >>, Type: bitwise operator, Line: 22, Column: 15},
    {Value: 2, Type: int literal, Line: 22, Column: 18},
    {Value: if, Type: branch keyword, Line: 23, Column: 0},
    {Value: (, Type: separator, Line: 23, Column: 3},
    {Value: n, Type: identifier, Line: 23, Column: 4},
    {Value: >=, Type: operator, Line: 23, Column: 6},
    {Value: 0, Type: int literal, Line: 23, Column: 9},
    {Value: ), Type: separator, Line: 23, Column: 10},
    {Value: {, Type: separator, Line: 23, Column: 12},
    {Value: n, Type: identifier, Line: 24, Column: 4},
    {Value: .., Type: range operator, Line: 24, Column: 5},
    {Value: 1, Type: int literal, Line: 25, Column: 4},
    {Value: +, Type: add operator, Line: 25, Column: 5},
    {Value: .., Type: range operator, Line: 26, Column: 4},
    {Value: n, Type: identifier, Line: 26, Column: 6},
    {Value: ++, Type: unary operator, Line: 27, Column: 4},
    {Value: n, Type: identifier, Line: 27, Column: 6},
    {Value: ++, Type: unary operator, Line: 27, Column: 7},
    {Value: n, Type: identifier, Line: 28, Column: 4},
    {Value: --, Type: unary operator, Line: 28, Column: 5},
    {Value: --, Type: unary operator, Line: 29, Column: 4},
    {Value: n, Type: identifier, Line: 29, Column: 6},
    {Value: }, Type: separator, Line: 30, Column: 0},
    {Value: p, Type: identifier, Line: 34, Column: 2},
    {Value: ., Type: operator, Line: 35, Column: 2},
    {Value: a1, Type: identifier, Line: 35, Column: 3},
    {Value: EOF, Type: EOF, Line: 38, Column: 6}
]
Compiler messages:
[
    "SyntaxError: Incomplete hex literal: 0x at line: 34, column: 1",
    "SyntaxError: Incomplete hex literal: 0x at line: 35, column: 1",
    "SyntaxError: Incomplete hex literal: 0x at line: 36, column: 1",
    "SyntaxError: Invalid float point literal: 50. at line: 37, column: 1",
    "SyntaxError: Invalid float point literal: 1.1.12 at line: 38, column: 1"
]

---

[TestLexer/should_run_symbols.the_and_have_one_error - 1]
Tokens:
[
    {Value: a1, Type: identifier, Line: 1, Column: 0},
    {Value: ;, Type: separator, Line: 1, Column: 2},
    {Value: var, Type: identifier, Line: 2, Column: 0},
    {Value: a, Type: identifier, Line: 4, Column: 0},
    {Value: .., Type: range operator, Line: 4, Column: 1},
    {Value: b, Type: identifier, Line: 4, Column: 3},
    {Value: String, Type: type keyword, Line: 5, Column: 0},
    {Value: name1, Type: identifier, Line: 5, Column: 7},
    {Value: ;, Type: separator, Line: 5, Column: 12},
    {Value: String, Type: type keyword, Line: 6, Column: 0},
    {Value: name0x1, Type: identifier, Line: 6, Column: 7},
    {Value: ;, Type: separator, Line: 6, Column: 14},
    {Value: fn, Type: structure keyword, Line: 11, Column: 0},
    {Value: test, Type: identifier, Line: 11, Column: 3},
    {Value: (, Type: separator, Line: 11, Column: 7},
    {Value: ), Type: separator, Line: 11, Column: 8},
    {Value: ->, Type: separator, Line: 11, Column: 9},
    {Value: bool, Type: type keyword, Line: 11, Column: 11},
    {Value: {, Type: separator, Line: 11, Column: 15},
    {Value: }, Type: separator, Line: 11, Column: 16},
    {Value: fn, Type: structure keyword, Line: 13, Column: 0},
    {Value: main, Type: identifier, Line: 13, Column: 3},
    {Value: (, Type: separator, Line: 13, Column: 7},
    {Value: ), Type: separator, Line: 13, Column: 8},
    {Value: ->, Type: separator, Line: 13, Column: 10},
    {Value: int, Type: type keyword, Line: 13, Column: 13},
    {Value: {, Type: separator, Line: 13, Column: 17},
    {Value: return, Type: flow keyword, Line: 14, Column: 4},
    {Value: 0, Type: int literal, Line: 14, Column: 11},
    {Value: ;, Type: separator, Line: 14, Column: 12},
    {Value: }, Type: separator, Line: 15, Column: 0},
    {Value: int, Type: type keyword, Line: 17, Column: 0},
    {Value: y, Type: identifier, Line: 17, Column: 4},
    {Value: =, Type: assign operator, Line: 17, Column: 6},
    {Value: 1, Type: int literal, Line: 17, Column: 14},
    {Value: ;, Type: separator, Line: 17, Column: 15},
    {Value: if, Type: branch keyword, Line: 19, Column: 0},
    {Value: (, Type: separator, Line: 19, Column: 3},
    {Value: y, Type: identifier, Line: 19, Column: 4},
    {Value: <=, Type: operator, Line: 19, Column: 6},
    {Value: 1, Type: int literal, Line: 19, Column: 9},
    {Value: ||, Type: operator, Line: 19, Column: 11},
    {Value: true, Type: boolean value keyword, Line: 19, Column: 14},
    {Value: ), Type: separator, Line: 19, Column: 18},
    {Value: {, Type: separator, Line: 19, Column: 20},
    {Value: result, Type: identifier, Line: 20, Column: 2},
    {Value: =, Type: assign operator, Line: 20, Column: 9},
    {Value: test, Type: identifier, Line: 20, Column: 11},
    {Value: (, Type: separator, Line: 20, Column: 15},
    {Value: ), Type: separator, Line: 20, Column: 16},
    {Value: ;, Type: separator, Line: 20, Column: 17},
    {Value: }, Type: separator, Line: 21, Column: 0},
    {Value: if, Type: branch keyword, Line: 23, Column: 0},
    {Value: (, Type: separator, Line: 23, Column: 3},
    {Value: y, Type: identifier, Line: 23, Column: 4},
    {Value: <=, Type: operator, Line: 23, Column: 6},
    {Value: 1, Type: int literal, Line: 23, Column: 9},
    {Value: &&, Type: operator, Line: 23, Column: 11},
    {Value: false, Type: boolean value keyword, Line: 23, Column: 14},
    {Value: ), Type: separator, Line: 23, Column: 19},
    {Value: {, Type: separator, Line: 23, Column: 21},
    {Value: result, Type: identifier, Line: 24, Column: 2},
    {Value: =, Type: assign operator, Line: 24, Column: 9},
    {Value: !, Type: unary operator, Line: 24, Column: 11},
    {Value: test, Type: identifier, Line: 24, Column: 12},
    {Value: (, Type: separator, Line: 24, Column: 16},
    {Value: ), Type: separator, Line: 24, Column: 17},
    {Value: ;, Type: separator, Line: 24, Column: 18},
    {Value: }, Type: separator, Line: 25, Column: 0},
    {Value: for, Type: branch keyword, Line: 27, Column: 0},
    {Value: (, Type: separator, Line: 27, Column: 4},
    {Value: mut, Type: modifier keyword, Line: 27, Column: 5},
    {Value: int, Type: type keyword, Line: 27, Column: 9},
    {Value: i, Type: identifier, Line: 27, Column: 13},
    {Value: =, Type: assign operator, Line: 27, Column: 15},
    {Value: 0, Type: int literal, Line: 27, Column: 17},
    {Value: ;, Type: separator, Line: 27, Column: 18},
    {Value: i, Type: identifier, Line: 27, Column: 20},
    {Value: <, Type: compare operator, Line: 27, Column: 22},
    {Value: y, Type: identifier, Line: 27, Column: 24},
    {Value: ;, Type: separator, Line: 27, Column: 25},
    {Value: i, Type: identifier, Line: 27, Column: 27},
    {Value: ++, Type: unary operator, Line: 27, Column: 28},
    {Value: ), Type: separator, Line: 27, Column: 30},
    {Value: {, Type: separator, Line: 27, Column: 32},
    {Value: println, Type: identifier, Line: 28, Column: 2},
    {Value: (, Type: separator, Line: 28, Column: 9},
    {Value: i, Type: identifier, Line: 28, Column: 10},
    {Value: ), Type: separator, Line: 28, Column: 11},
    {Value: ;, Type: separator, Line: 28, Column: 12},
    {Value: }, Type: separator, Line: 29, Column: 0},
    {Value: mut, Type: modifier keyword, Line: 31, Column: 0},
    {Value: uint32, Type: type keyword, Line: 31, Column: 4},
    {Value: age, Type: identifier, Line: 31, Column: 11},
    {Value: =, Type: assign operator, Line: 31, Column: 15},
    {Value: 90, Type: int literal, Line: 31, Column: 17},
    {Value: ;, Type: separator, Line: 31, Column: 19},
    {Value: 1, Type: int literal, Line: 32, Column: 0},
    {Value: *, Type: multiply operator, Line: 32, Column: 2},
    {Value: age, Type: identifier, Line: 32, Column: 4},
    {Value: as, Type: operator keyword, Line: 32, Column: 8},
    {Value: int, Type: type keyword, Line: 32, Column: 11},
    {Value: ;, Type: separator, Line: 32, Column: 14},
    {Value: bool, Type: type keyword, Line: 35, Column: 0},
    {Value: isOpen, Type: identifier, Line: 35, Column: 5},
    {Value: EOF, Type: EOF, Line: 37, Column: 2}
]
Compiler messages:
[
    "SyntaxError: Unrecognized character: '?' at line: 36, column: 12",
    "SyntaxError: Found multiline comment close but no open at line: 37, column: 1"
]

---

[TestLexer/should_run_endless_comment.the_and_result_in_an_error - 1]
Tokens:
[
    {Value: bool, Type: type keyword, Line: 0, Column: 0},
    {Value: valid, Type: identifier, Line: 0, Column: 5},
    {Value: =, Type: assign operator, Line: 0, Column: 11},
    {Value: true, Type: boolean value keyword, Line: 0, Column: 13},
    {Value: ;, Type: separator, Line: 0, Column: 17},
    {Value: EOF, Type: EOF, Line: 11, Column: 14}
]
Compiler messages:
[
    "SyntaxError: Reached EOF while scanning for */ "
]

---

[TestLexer/should_run_struct.the_and_get_no_errors - 1]
Tokens:
[
    {Value: interface, Type: structure keyword, Line: 0, Column: 0},
    {Value: Greeter, Type: identifier, Line: 0, Column: 10},
    {Value: {, Type: separator, Line: 0, Column: 18},
    {Value: fn, Type: structure keyword, Line: 1, Column: 4},
    {Value: greet, Type: identifier, Line: 1, Column: 7},
    {Value: (, Type: separator, Line: 1, Column: 12},
    {Value: ), Type: separator, Line: 1, Column: 13},
    {Value: ;, Type: separator, Line: 1, Column: 14},
    {Value: }, Type: separator, Line: 2, Column: 0},
    {Value: struct, Type: structure keyword, Line: 4, Column: 0},
    {Value: Shift, Type: identifier, Line: 4, Column: 7},
    {Value: {, Type: separator, Line: 4, Column: 13},
    {Value: int, Type: type keyword, Line: 5, Column: 4},
    {Value: hour_start, Type: identifier, Line: 5, Column: 8},
    {Value: ;, Type: separator, Line: 5, Column: 18},
    {Value: int, Type: type keyword, Line: 6, Column: 4},
    {Value: hour_end, Type: identifier, Line: 6, Column: 8},
    {Value: ;, Type: separator, Line: 6, Column: 16},
    {Value: private, Type: modifier keyword, Line: 7, Column: 4},
    {Value: mut, Type: modifier keyword, Line: 7, Column: 12},
    {Value: float, Type: type keyword, Line: 7, Column: 16},
    {Value: hourlyRate, Type: identifier, Line: 7, Column: 22},
    {Value: ;, Type: separator, Line: 7, Column: 32},
    {Value: private, Type: modifier keyword, Line: 9, Column: 4},
    {Value: {, Type: separator, Line: 9, Column: 12},
    {Value: fn, Type: structure keyword, Line: 10, Column: 8},
    {Value: changeRate, Type: identifier, Line: 10, Column: 11},
    {Value: (, Type: separator, Line: 10, Column: 21},
    {Value: float, Type: type keyword, Line: 10, Column: 22},
    {Value: newRate, Type: identifier, Line: 10, Column: 28},
    {Value: ), Type: separator, Line: 10, Column: 35},
    {Value: {, Type: separator, Line: 10, Column: 37},
    {Value: this, Type: identifier, Line: 11, Column: 12},
    {Value: ., Type: operator, Line: 11, Column: 16},
    {Value: hourlyRate, Type: identifier, Line: 11, Column: 17},
    {Value: =, Type: assign operator, Line: 11, Column: 28},
    {Value: newRate, Type: identifier, Line: 11, Column: 30},
    {Value: ;, Type: separator, Line: 11, Column: 37},
    {Value: }, Type: separator, Line: 12, Column: 8},
    {Value: fn, Type: structure keyword, Line: 13, Column: 8},
    {Value: calculateWeeklyPay, Type: identifier, Line: 13, Column: 11},
    {Value: (, Type: separator, Line: 13, Column: 29},
    {Value: float, Type: type keyword, Line: 13, Column: 30},
    {Value: shiftsWorked, Type: identifier, Line: 13, Column: 36},
    {Value: ), Type: separator, Line: 13, Column: 48},
    {Value: ->, Type: separator, Line: 13, Column: 50},
    {Value: float, Type: type keyword, Line: 13, Column: 53},
    {Value: {, Type: separator, Line: 13, Column: 59},
    {Value: return, Type: flow keyword, Line: 14, Column: 12},
    {Value: hourlyRate, Type: identifier, Line: 14, Column: 19},
    {Value: *, Type: multiply operator, Line: 14, Column: 30},
    {Value: shiftsWorked, Type: identifier, Line: 14, Column: 32},
    {Value: *, Type: multiply operator, Line: 14, Column: 45},
    {Value: (, Type: separator, Line: 14, Column: 47},
    {Value: hour_end, Type: identifier, Line: 14, Column: 48},
    {Value: -, Type: add operator, Line: 14, Column: 57},
    {Value: hour_start, Type: identifier, Line: 14, Column: 59},
    {Value: ), Type: separator, Line: 14, Column: 69},
    {Value: ;, Type: separator, Line: 14, Column: 70},
    {Value: }, Type: separator, Line: 15, Column: 8},
    {Value: }, Type: separator, Line: 16, Column: 4},
    {Value: }, Type: separator, Line: 17, Column: 0},
    {Value: struct, Type: structure keyword, Line: 19, Column: 0},
    {Value: Guard, Type: identifier, Line: 19, Column: 7},
    {Value: impl, Type: modifier keyword, Line: 19, Column: 13},
    {Value: Greeter, Type: identifier, Line: 19, Column: 18},
    {Value: {, Type: separator, Line: 19, Column: 26},
    {Value: mut, Type: modifier keyword, Line: 20, Column: 4},
    {Value: Shift, Type: identifier, Line: 20, Column: 8},
    {Value: shift, Type: identifier, Line: 20, Column: 14},
    {Value: ;, Type: separator, Line: 20, Column: 19},
    {Value: String, Type: type keyword, Line: 21, Column: 4},
    {Value: firstName, Type: identifier, Line: 21, Column: 11},
    {Value: ;, Type: separator, Line: 21, Column: 20},
    {Value: String, Type: type keyword, Line: 22, Column: 4},
    {Value: lastName, Type: identifier, Line: 22, Column: 11},
    {Value: ;, Type: separator, Line: 22, Column: 19},
    {Value: Greeter, Type: identifier, Line: 24, Column: 4},
    {Value: {, Type: separator, Line: 24, Column: 12},
    {Value: fn, Type: structure keyword, Line: 25, Column: 8},
    {Value: greet, Type: identifier, Line: 25, Column: 11},
    {Value: (, Type: separator, Line: 25, Column: 16},
    {Value: ), Type: separator, Line: 25, Column: 17},
    {Value: {, Type: separator, Line: 25, Column: 19},
    {Value: println, Type: identifier, Line: 26, Column: 12},
    {Value: (, Type: separator, Line: 26, Column: 19},
    {Value: "...", Type: string literal, Line: 26, Column: 20},
    {Value: ), Type: separator, Line: 26, Column: 25},
    {Value: ;, Type: separator, Line: 26, Column: 26},
    {Value: }, Type: separator, Line: 27, Column: 8},
    {Value: }, Type: separator, Line: 28, Column: 4},
    {Value: }, Type: separator, Line: 29, Column: 0},
    {Value: Guard, Type: identifier, Line: 31, Column: 0},
    {Value: worker, Type: identifier, Line: 31, Column: 6},
    {Value: =, Type: assign operator, Line: 31, Column: 13},
    {Value: Guard, Type: identifier, Line: 31, Column: 15},
    {Value: {, Type: separator, Line: 31, Column: 21},
    {Value: firstName, Type: identifier, Line: 32, Column: 4},
    {Value: :, Type: separator, Line: 32, Column: 13},
    {Value: "name", Type: string literal, Line: 32, Column: 15},
    {Value: ,, Type: separator, Line: 32, Column: 21},
    {Value: lastName, Type: identifier, Line: 33, Column: 4},
    {Value: :, Type: separator, Line: 33, Column: 12},
    {Value: "otherName", Type: string literal, Line: 33, Column: 14},
    {Value: ,, Type: separator, Line: 33, Column: 25},
    {Value: shift, Type: identifier, Line: 34, Column: 4},
    {Value: :, Type: separator, Line: 34, Column: 9},
    {Value: Shift, Type: identifier, Line: 34, Column: 11},
    {Value: {, Type: separator, Line: 34, Column: 17},
    {Value: hour_start, Type: identifier, Line: 35, Column: 8},
    {Value: :, Type: separator, Line: 35, Column: 18},
    {Value: 7, Type: int literal, Line: 35, Column: 20},
    {Value: ,, Type: separator, Line: 35, Column: 21},
    {Value: hour_end, Type: identifier, Line: 36, Column: 8},
    {Value: :, Type: separator, Line: 36, Column: 16},
    {Value: 14, Type: int literal, Line: 36, Column: 18},
    {Value: ,, Type: separator, Line: 36, Column: 20},
    {Value: hourlyRate, Type: identifier, Line: 37, Column: 8},
    {Value: :, Type: separator, Line: 37, Column: 18},
    {Value: 21.5, Type: float literal, Line: 37, Column: 20},
    {Value: ,, Type: separator, Line: 37, Column: 25},
    {Value: }, Type: separator, Line: 38, Column: 4},
    {Value: }, Type: separator, Line: 39, Column: 0},
    {Value: ;, Type: separator, Line: 39, Column: 1},
    {Value: worker, Type: identifier, Line: 40, Column: 0},
    {Value: ., Type: operator, Line: 40, Column: 6},
    {Value: greet, Type: identifier, Line: 40, Column: 7},
    {Value: (, Type: separator, Line: 40, Column: 12},
    {Value: ), Type: separator, Line: 40, Column: 13},
    {Value: ;, Type: separator, Line: 40, Column: 14},
    {Value: EOF, Type: EOF, Line: 41, Column: 15}
]
Compiler messages:
[]

---
